<html>
<body>
<pre>
<h1>�Vision Build Log</h1>
<h2>Tool Versions:</h2>
IDE-Version: ��Vision V5.30.0.0
Copyright (C) 2020 ARM Ltd and ARM Germany GmbH. All rights reserved.
License Information: asda Stone, asdasda, LIC=MPPLD-8IU8J-Y8CFK-ZS2AC-PG19W-YN72R
 
Tool Versions:
Toolchain:       MDK-ARM Plus  Version: 5.30.0.0
Toolchain Path:  D:\Keil_v5\ARM\ARMCLANG\Bin
C Compiler:      ArmClang.exe V6.14
Assembler:       Armasm.exe V6.14
Linker/Locator:  ArmLink.exe V6.14
Library Manager: ArmAr.exe V6.14
Hex Converter:   FromElf.exe V6.14
CPU DLL:         SARMCM3.DLL V5.30.0.0
Dialog DLL:      DARMSTM.DLL V1.68.0.0
Target DLL:      Segger\JL2CM3.dll V2.99.38.0
Dialog DLL:      TARMSTM.DLL V1.66.0.0
 
<h2>Project:</h2>
C:\Users\Stone\Desktop\STM32 code\01_Stand Temp\Project\Temp.uvprojx
Project File Date:  10/10/2021

<h2>Output:</h2>
*** Using Compiler 'V6.14', folder: 'D:\Keil_v5\ARM\ARMCLANG\Bin'
Rebuild target 'Target 1'
assembling startup_stm32f10x_hd.s...
compiling stm32f10x_can.c...
compiling stm32f10x_cec.c...
compiling misc.c...
compiling stm32f10x_exti.c...
compiling stm32f10x_dac.c...
compiling stm32f10x_dma.c...
compiling stm32f10x_dbgmcu.c...
compiling system_stm32f10x.c...
compiling stm32f10x_bkp.c...
compiling stm32f10x_crc.c...
compiling stm32f10x_adc.c...
compiling stm32f10x_flash.c...
compiling stm32f10x_iwdg.c...
compiling stm32f10x_pwr.c...
compiling stm32f10x_fsmc.c...
compiling stm32f10x_rcc.c...
compiling stm32f10x_gpio.c...
compiling stm32f10x_sdio.c...
compiling stm32f10x_rtc.c...
compiling stm32f10x_i2c.c...
compiling stm32f10x_usart.c...
compiling stm32f10x_spi.c...
compiling stm32f10x_tim.c...
compiling stm32f10x_wwdg.c...
compiling Exit_book.c...
compiling Led_book.c...
compiling Key_book.c...
compiling RCC_book.c...
compiling Systick_book.c...
compiling USART_book.c...
../Libraries/PROLIB/src/DMA_book.c(116): warning: illegal character encoding in string literal [-Winvalid-source-encoding]
  printf("<BF><AA>ʼ ROM<C4>ڴ浽RAM<C4>ڴ<E6><B5><C4>DMA<B2><D9><D7><F7> \n");
          ^~~~~~~~     ~~~~      ~~~~ ~~~~~~~~~~~~   ~~~~~~~~~~~~~~~~
../Libraries/PROLIB/src/DMA_book.c(121): warning: illegal character encoding in string literal [-Winvalid-source-encoding]
      printf("ROM<C4>ڴ浽DMA<B2><D9><D7><F7><D2>쳣 \n");  
                 ^~~~      ~~~~~~~~~~~~~~~~~~~~
../Libraries/PROLIB/src/DMA_book.c(123): warning: illegal character encoding in string literal [-Winvalid-source-encoding]
      printf("ROM<C4>ڴ浽DMA<B2><D9><D7><F7><D5><FD><B3><A3> \n");      
                 ^~~~      ~~~~~~~~~~~~~~~~~~~~~~~~~~~~~~~~
../Libraries/PROLIB/src/DMA_book.c(131): warning: illegal character encoding in string literal [-Winvalid-source-encoding]
  printf("\n<BF><AA>ʼ ROM<B5><BD>USART<B5>Ĵ<AB><CB>ͳ<F5>ʼ<BB><AF>\n"); 
            ^~~~~~~~     ~~~~~~~~     ~~~~ ~~~~~~~~ ~~~~ ~~~~~~~~
../Libraries/PROLIB/src/DMA_book.c(133): warning: incompatible integer to pointer conversion assigning to 'uint32_t *' (aka 'unsigned int *') from 'uint32_t' (aka 'unsigned int'); take the address with & [-Wint-conversion]
  USART_DMA_Buffer = _DMA_AIM_ADDR;
                   ^ ~~~~~~~~~~~~~
                     &
../Libraries/PROLIB/src/DMA_book.c(135): warning: incompatible pointer to integer conversion passing 'uint32_t *' (aka 'unsigned int *') to parameter of type 'uint32_t' (aka 'unsigned int'); dereference with * [-Wint-conversion]
  _USART_DMA_Config(USART_DMA_CHANNEL ,USART_BUFFER_SIZE ,_DMA_Source_ADDR , USART_DMA_Buffer , DMA_DIR_PeripheralDST);
                                                                             ^~~~~~~~~~~~~~~~
                                                                             *
../Libraries/PROLIB/src/DMA_book.c(51): note: passing argument to parameter '_DMA_AIM_ADDR' here
void _USART_DMA_Config(DMA_Channel_TypeDef* _DMAy_Channelx , uint32_t _BUFFER_SIZE , uint32_t  _DMA_Source_ADDR,  uint32_t  _DMA_AIM_ADDR , uint32_t  _DMA_DIR){
                                                                                                                            ^
../Libraries/PROLIB/src/DMA_book.c(144): warning: illegal character encoding in string literal [-Winvalid-source-encoding]
  printf("\rROM<C4>ڴ浽USART<CD><E2><C9><E8><B5><C4>DMA<B2><D9><D7><F7><CD><EA><B1><CF>\n");//<D5><E2><B8><F6><BA><AF><CA><FD><D0><E8>ҪDelay һ<B6><CE>ʱ<BC><E4><B2>ſ<C9><D2><D4><D3><C3>
               ^~~~        ~~~~~~~~~~~~~~~~~~~~~~~~   ~~~~~~~~~~~~~~~~~~~~~~~~~~~~~~~~
7 warnings generated.
compiling DMA_book.c...
../Libraries/PROLIB/src/I2C_soft_book.c(4): warning: type specifier missing, defaults to 'int' [-Wimplicit-int]
static I2C_GPIO_Soft_Config(void){
~~~~~~ ^
../Libraries/PROLIB/src/I2C_soft_book.c(17): warning: non-void function does not return a value [-Wreturn-type]
}
^
../Libraries/PROLIB/src/I2C_soft_book.c(200): warning: implicitly declaring library function 'printf' with type 'int (const char *, ...)' [-Wimplicit-function-declaration]
  if(I2C_WaitAck()!=0){printf("EEPROM <B4><ED><CE><F3> 1 !\r\n"); goto  CMD_Fail;}
                       ^
../Libraries/PROLIB/src/I2C_soft_book.c(200): note: include the header <stdio.h> or explicitly provide a declaration for 'printf'
../Libraries/PROLIB/src/I2C_soft_book.c(200): warning: illegal character encoding in string literal [-Winvalid-source-encoding]
  if(I2C_WaitAck()!=0){printf("EEPROM <B4><ED><CE><F3> 1 !\r\n"); goto  CMD_Fail;}
                                      ^~~~~~~~~~~~~~~~
../Libraries/PROLIB/src/I2C_soft_book.c(204): warning: illegal character encoding in string literal [-Winvalid-source-encoding]
  if(I2C_WaitAck()!=0){printf("EEPROM <B4><ED><CE><F3> 2 !\r\n");goto  CMD_Fail;}
                                      ^~~~~~~~~~~~~~~~
../Libraries/PROLIB/src/I2C_soft_book.c(212): warning: illegal character encoding in string literal [-Winvalid-source-encoding]
  if(I2C_WaitAck()!=0){printf("EEPROM <B4><ED><CE><F3>3 !\r\n"); goto  CMD_Fail;}
                                      ^~~~~~~~~~~~~~~~
../Libraries/PROLIB/src/I2C_soft_book.c(248): warning: & has lower precedence than ==; == will be evaluated first [-Wparentheses]
    if((i==0)||(usAddr)&(_I2C_Soft_PageSize-1)==0){
                       ^~~~~~~~~~~~~~~~~~~~~~~~~~
../Libraries/PROLIB/src/I2C_soft_book.c(248): note: place parentheses around the '==' expression to silence this warning
    if((i==0)||(usAddr)&(_I2C_Soft_PageSize-1)==0){
                       ^
                        (                        )
../Libraries/PROLIB/src/I2C_soft_book.c(248): note: place parentheses around the & expression to evaluate it first
    if((i==0)||(usAddr)&(_I2C_Soft_PageSize-1)==0){
                       ^
               (                              )
../Libraries/PROLIB/src/I2C_soft_book.c(261): warning: illegal character encoding in string literal [-Winvalid-source-encoding]
      if(m==100){printf("EEPROM <B4><ED><CE><F3> 4 !\r\n"); goto CMD_FAIL_bytes ; }
                                ^~~~~~~~~~~~~~~~
../Libraries/PROLIB/src/I2C_soft_book.c(263): warning: illegal character encoding in string literal [-Winvalid-source-encoding]
      if(I2C_WaitAck()!=0){printf("EEPROM <B4><ED><CE><F3> 5 !\r\n"); goto CMD_FAIL_bytes;}
                                          ^~~~~~~~~~~~~~~~
../Libraries/PROLIB/src/I2C_soft_book.c(268): warning: illegal character encoding in string literal [-Winvalid-source-encoding]
    if(I2C_WaitAck()!=0){printf("EEPROM <B4><ED><CE><F3> 7 !\r\n"); goto CMD_FAIL_bytes;}
                                        ^~~~~~~~~~~~~~~~
../Libraries/PROLIB/src/I2C_soft_book.c(298): warning: illegal character encoding in string literal [-Winvalid-source-encoding]
    printf("<B2><C1><B3><FD>EEPROM<B3><F6><B4><ED><A3><A1>\r\n");
            ^~~~~~~~~~~~~~~~      ~~~~~~~~~~~~~~~~~~~~~~~~
../Libraries/PROLIB/src/I2C_soft_book.c(301): warning: illegal character encoding in string literal [-Winvalid-source-encoding]
    printf("<B2><C1><B3><FD>EEPROM<B3><F6><B4><ED><A3><A1>\r\n");
            ^~~~~~~~~~~~~~~~      ~~~~~~~~~~~~~~~~~~~~~~~~
../Libraries/PROLIB/src/I2C_soft_book.c(314): warning: illegal character encoding in string literal [-Winvalid-source-encoding]
      printf("û<D3>м<EC><B2><U+2D7D><B4><AE><D0><D0>EEPROM!\r\n");
               ^~~~ ~~~~~~~~        ~~~~~~~~~~~~~~~~
../Libraries/PROLIB/src/I2C_soft_book.c(330): warning: illegal character encoding in string literal [-Winvalid-source-encoding]
                printf("û<D3>м<EC><B2><U+2D7D><B4><AE><D0><D0>EEPROM!\r\n");
                         ^~~~ ~~~~~~~~        ~~~~~~~~~~~~~~~~
../Libraries/PROLIB/src/I2C_soft_book.c(336): warning: illegal character encoding in string literal [-Winvalid-source-encoding]
                printf("дEEPROM<B4><ED><CE><F3>!\r\n");
                               ^~~~~~~~~~~~~~~~
../Libraries/PROLIB/src/I2C_soft_book.c(340): warning: illegal character encoding in string literal [-Winvalid-source-encoding]
                printf("дEEPROM<B3>ɹ<A6>!\r\n");
                               ^~~~ ~~~~
../Libraries/PROLIB/src/I2C_soft_book.c(344): warning: illegal character encoding in string literal [-Winvalid-source-encoding]
  printf("EEPROMд<C8><EB><CA><FD><BE>ݼ<EC><B2><E9><BC><EC><B2><E9>\r\n");
                 ^~~~~~~~~~~~~~~~~~~~ ~~~~~~~~~~~~~~~~~~~~~~~~~~~~
../Libraries/PROLIB/src/I2C_soft_book.c(362): warning: illegal character encoding in string literal [-Winvalid-source-encoding]
                printf("<B6><C1>EEPROM<B4><ED><CE><F3>!\r\n");
                        ^~~~~~~~      ~~~~~~~~~~~~~~~~
../Libraries/PROLIB/src/I2C_soft_book.c(366): warning: illegal character encoding in string literal [-Winvalid-source-encoding]
                printf("\n<B6><C1>EEPROM<B3>ɹ<A6>!\r\n");
                          ^~~~~~~~      ~~~~ ~~~~
../Libraries/PROLIB/src/I2C_soft_book.c(369): warning: illegal character encoding in string literal [-Winvalid-source-encoding]
  printf("EEPROM<B6><C1>ȡ<CA><FD><BE><DD><CA><FD><BE>ݼ<EC><B2><E9> \r\n");
                ^~~~~~~~ ~~~~~~~~~~~~~~~~~~~~~~~~~~~~ ~~~~~~~~~~~~
20 warnings generated.
compiling I2C_soft_book.c...
../Libraries/PROLIB/src/I2C_book.c(56): warning: illegal character encoding in string literal [-Winvalid-source-encoding]
  fn_Usart_SendString(_DEBUG_USARTx,"I2C <B5>ȴ<FD><B3><AC>ʱ!errorCode =");
                                         ^~~~ ~~~~~~~~~~~~
../Libraries/PROLIB/src/I2C_book.c(76): warning: implicit conversion from 'uint32_t' (aka 'unsigned int') to 'uint16_t' (aka 'unsigned short') changes value from 245760 to 49152 [-Wconstant-conversion]
  I2CTimeout = I2CT_LONG_TIMEOUT;
             ~ ^~~~~~~~~~~~~~~~~
../Libraries/PROLIB/src/I2C_book.c(65): note: expanded from macro 'I2CT_LONG_TIMEOUT'
#define  I2CT_LONG_TIMEOUT  ((uint32_t)(10*I2CT_FLAG_TIMEOUT))
                             ^~~~~~~~~~~~~~~~~~~~~~~~~~~~~~~~
../Libraries/PROLIB/src/I2C_book.c(83): warning: implicit conversion from 'uint32_t' (aka 'unsigned int') to 'uint16_t' (aka 'unsigned short') changes value from 245760 to 49152 [-Wconstant-conversion]
  I2CTimeout = I2CT_LONG_TIMEOUT; //<D5><E2><B8><F6><B1><E4><C1><BF><CA><C7><D1><D3>ʱ<D2>쳣ʱ<BC><E4>
             ~ ^~~~~~~~~~~~~~~~~
../Libraries/PROLIB/src/I2C_book.c(65): note: expanded from macro 'I2CT_LONG_TIMEOUT'
#define  I2CT_LONG_TIMEOUT  ((uint32_t)(10*I2CT_FLAG_TIMEOUT))
                             ^~~~~~~~~~~~~~~~~~~~~~~~~~~~~~~~
../Libraries/PROLIB/src/I2C_book.c(91): warning: implicit conversion from 'uint32_t' (aka 'unsigned int') to 'uint16_t' (aka 'unsigned short') changes value from 245760 to 49152 [-Wconstant-conversion]
  I2CTimeout = I2CT_LONG_TIMEOUT; //<D5><E2><B8><F6><B1><E4><C1><BF><CA><C7><D1><D3>ʱ<D2>쳣ʱ<BC><E4>
             ~ ^~~~~~~~~~~~~~~~~
../Libraries/PROLIB/src/I2C_book.c(65): note: expanded from macro 'I2CT_LONG_TIMEOUT'
#define  I2CT_LONG_TIMEOUT  ((uint32_t)(10*I2CT_FLAG_TIMEOUT))
                             ^~~~~~~~~~~~~~~~~~~~~~~~~~~~~~~~
../Libraries/PROLIB/src/I2C_book.c(99): warning: implicit conversion from 'uint32_t' (aka 'unsigned int') to 'uint16_t' (aka 'unsigned short') changes value from 245760 to 49152 [-Wconstant-conversion]
  I2CTimeout = I2CT_LONG_TIMEOUT;
             ~ ^~~~~~~~~~~~~~~~~
../Libraries/PROLIB/src/I2C_book.c(65): note: expanded from macro 'I2CT_LONG_TIMEOUT'
#define  I2CT_LONG_TIMEOUT  ((uint32_t)(10*I2CT_FLAG_TIMEOUT))
                             ^~~~~~~~~~~~~~~~~~~~~~~~~~~~~~~~
../Libraries/PROLIB/src/I2C_book.c(107): warning: implicit conversion from 'uint32_t' (aka 'unsigned int') to 'uint16_t' (aka 'unsigned short') changes value from 245760 to 49152 [-Wconstant-conversion]
  I2CTimeout = I2CT_LONG_TIMEOUT;
             ~ ^~~~~~~~~~~~~~~~~
../Libraries/PROLIB/src/I2C_book.c(65): note: expanded from macro 'I2CT_LONG_TIMEOUT'
#define  I2CT_LONG_TIMEOUT  ((uint32_t)(10*I2CT_FLAG_TIMEOUT))
                             ^~~~~~~~~~~~~~~~~~~~~~~~~~~~~~~~
../Libraries/PROLIB/src/I2C_book.c(154): warning: implicit conversion from 'uint32_t' (aka 'unsigned int') to 'uint16_t' (aka 'unsigned short') changes value from 245760 to 49152 [-Wconstant-conversion]
  I2CTimeout = I2CT_LONG_TIMEOUT;
             ~ ^~~~~~~~~~~~~~~~~
../Libraries/PROLIB/src/I2C_book.c(65): note: expanded from macro 'I2CT_LONG_TIMEOUT'
#define  I2CT_LONG_TIMEOUT  ((uint32_t)(10*I2CT_FLAG_TIMEOUT))
                             ^~~~~~~~~~~~~~~~~~~~~~~~~~~~~~~~
../Libraries/PROLIB/src/I2C_book.c(160): warning: implicit conversion from 'uint32_t' (aka 'unsigned int') to 'uint16_t' (aka 'unsigned short') changes value from 245760 to 49152 [-Wconstant-conversion]
  I2CTimeout = I2CT_LONG_TIMEOUT; //<D5><E2><B8><F6><B1><E4><C1><BF><CA><C7><D1><D3>ʱ<D2>쳣ʱ<BC><E4>
             ~ ^~~~~~~~~~~~~~~~~
../Libraries/PROLIB/src/I2C_book.c(65): note: expanded from macro 'I2CT_LONG_TIMEOUT'
#define  I2CT_LONG_TIMEOUT  ((uint32_t)(10*I2CT_FLAG_TIMEOUT))
                             ^~~~~~~~~~~~~~~~~~~~~~~~~~~~~~~~
../Libraries/PROLIB/src/I2C_book.c(168): warning: implicit conversion from 'uint32_t' (aka 'unsigned int') to 'uint16_t' (aka 'unsigned short') changes value from 245760 to 49152 [-Wconstant-conversion]
  I2CTimeout = I2CT_LONG_TIMEOUT; //<D5><E2><B8><F6><B1><E4><C1><BF><CA><C7><D1><D3>ʱ<D2>쳣ʱ<BC><E4>
             ~ ^~~~~~~~~~~~~~~~~
../Libraries/PROLIB/src/I2C_book.c(65): note: expanded from macro 'I2CT_LONG_TIMEOUT'
#define  I2CT_LONG_TIMEOUT  ((uint32_t)(10*I2CT_FLAG_TIMEOUT))
                             ^~~~~~~~~~~~~~~~~~~~~~~~~~~~~~~~
../Libraries/PROLIB/src/I2C_book.c(176): warning: implicit conversion from 'uint32_t' (aka 'unsigned int') to 'uint16_t' (aka 'unsigned short') changes value from 245760 to 49152 [-Wconstant-conversion]
  I2CTimeout = I2CT_LONG_TIMEOUT; //<D5><E2><B8><F6><B1><E4><C1><BF><CA><C7><D1><D3>ʱ<D2>쳣ʱ<BC><E4>
             ~ ^~~~~~~~~~~~~~~~~
../Libraries/PROLIB/src/I2C_book.c(65): note: expanded from macro 'I2CT_LONG_TIMEOUT'
#define  I2CT_LONG_TIMEOUT  ((uint32_t)(10*I2CT_FLAG_TIMEOUT))
                             ^~~~~~~~~~~~~~~~~~~~~~~~~~~~~~~~
../Libraries/PROLIB/src/I2C_book.c(305): warning: implicit conversion from 'uint32_t' (aka 'unsigned int') to 'uint16_t' (aka 'unsigned short') changes value from 245760 to 49152 [-Wconstant-conversion]
    I2CTimeout = I2CT_LONG_TIMEOUT ;
               ~ ^~~~~~~~~~~~~~~~~
../Libraries/PROLIB/src/I2C_book.c(65): note: expanded from macro 'I2CT_LONG_TIMEOUT'
#define  I2CT_LONG_TIMEOUT  ((uint32_t)(10*I2CT_FLAG_TIMEOUT))
                             ^~~~~~~~~~~~~~~~~~~~~~~~~~~~~~~~
../Libraries/PROLIB/src/I2C_book.c(361): warning: implicit conversion from 'uint32_t' (aka 'unsigned int') to 'uint16_t' (aka 'unsigned short') changes value from 245760 to 49152 [-Wconstant-conversion]
      I2CTimeout = I2CT_LONG_TIMEOUT;
                 ~ ^~~~~~~~~~~~~~~~~
../Libraries/PROLIB/src/I2C_book.c(65): note: expanded from macro 'I2CT_LONG_TIMEOUT'
#define  I2CT_LONG_TIMEOUT  ((uint32_t)(10*I2CT_FLAG_TIMEOUT))
                             ^~~~~~~~~~~~~~~~~~~~~~~~~~~~~~~~
../Libraries/PROLIB/src/I2C_book.c(400): warning: illegal character encoding in string literal [-Winvalid-source-encoding]
  printf("I2C_д<C8><EB><CA><FD><BE><DD> \n");
               ^~~~~~~~~~~~~~~~~~~~~~~~
../Libraries/PROLIB/src/I2C_book.c(408): warning: illegal character encoding in string literal [-Winvalid-source-encoding]
  printf("\nI2C_д<C8><EB><CA><FD><BE><DD><CD><EA><B3><C9> \n");
                 ^~~~~~~~~~~~~~~~~~~~~~~~~~~~~~~~~~~~~~~~
../Libraries/PROLIB/src/I2C_book.c(428): warning: illegal character encoding in string literal [-Winvalid-source-encoding]
  printf("I2C_<CA><FD><BE>ݼ<EC><B2><E2> \n");
              ^~~~~~~~~~~~ ~~~~~~~~~~~~
../Libraries/PROLIB/src/I2C_book.c(430): warning: illegal character encoding in string literal [-Winvalid-source-encoding]
  printf("\nI2C_<CA><FD><BE>ݶ<C1>ȡ<CD><EA><B1><CF> \n");
                ^~~~~~~~~~~~ ~~~~ ~~~~~~~~~~~~~~~~
../Libraries/PROLIB/src/I2C_book.c(436): warning: illegal character encoding in string literal [-Winvalid-source-encoding]
   printf("\n--->I2C_<CA><FD><BE>ݼ<EC><B2><E2><CD><EA><B3><C9>\n");
                     ^~~~~~~~~~~~ ~~~~~~~~~~~~~~~~~~~~~~~~~~~~
17 warnings generated.
compiling I2C_book.c...
../Libraries/PROLIB/src/SPI_book.c(90): warning: implicitly declaring library function 'printf' with type 'int (const char *, ...)' [-Wimplicit-function-declaration]
  FLASH_ERROR("SPI <B5>ȴ<FD><B3><AC>ʱ!errorCode = %d",errorCode);
  ^
../Libraries/PROLIB/inc\SPI_book.h(35): note: expanded from macro 'FLASH_ERROR'
#define FLASH_ERROR(fmt,arg...)          printf("<<-FLASH-ERROR->> "fmt"\n",##arg)
                                         ^
../Libraries/PROLIB/src/SPI_book.c(90): note: include the header <stdio.h> or explicitly provide a declaration for 'printf'
../Libraries/PROLIB/inc\SPI_book.h(35): note: expanded from macro 'FLASH_ERROR'
#define FLASH_ERROR(fmt,arg...)          printf("<<-FLASH-ERROR->> "fmt"\n",##arg)
                                         ^
../Libraries/PROLIB/src/SPI_book.c(90): warning: illegal character encoding in string literal [-Winvalid-source-encoding]
  FLASH_ERROR("SPI <B5>ȴ<FD><B3><AC>ʱ!errorCode = %d",errorCode);
                   ^~~~ ~~~~~~~~~~~~
../Libraries/PROLIB/inc\SPI_book.h(35): note: expanded from macro 'FLASH_ERROR'
#define FLASH_ERROR(fmt,arg...)          printf("<<-FLASH-ERROR->> "fmt"\n",##arg)
                                                                    ^~~
../Libraries/PROLIB/src/SPI_book.c(192): warning: type specifier missing, defaults to 'int' [-Wimplicit-int]
static SPI_WaitForWriteEnd(void){
~~~~~~ ^
../Libraries/PROLIB/src/SPI_book.c(202): warning: non-void function does not return a value [-Wreturn-type]
}
^
4 warnings generated.
compiling SPI_book.c...
../Libraries/PROLIB/src/SRAM_book.c(254): warning: illegal character encoding in string literal [-Winvalid-source-encoding]
  printf("<D5><FD><D4>ڼ<EC><B2><E2>SRAM<A3><AC><D2><D4>8λ<A1><A2>16λ<B5>ķ<BD>ʽ<B6><C1>дsram...");
          ^~~~~~~~~~~~ ~~~~~~~~~~~~    ~~~~~~~~~~~~~~~~  ~~~~~~~~   ~~~~ ~~~~ ~~~~~~~~
../Libraries/PROLIB/src/SRAM_book.c(278): warning: illegal character encoding in string literal [-Winvalid-source-encoding]
      printf("8λ<CA><FD><BE>ݶ<C1>д<B4><ED><CE><F3><A3><A1>");
                ^~~~~~~~~~~~ ~~~~ ~~~~~~~~~~~~~~~~~~~~~~~~
../Libraries/PROLIB/src/SRAM_book.c(304): warning: illegal character encoding in string literal [-Winvalid-source-encoding]
      printf("16λ<CA><FD><BE>ݶ<C1>д<B4><ED><CE><F3><A3><A1>\n");
                 ^~~~~~~~~~~~ ~~~~ ~~~~~~~~~~~~~~~~~~~~~~~~
../Libraries/PROLIB/src/SRAM_book.c(310): warning: illegal character encoding in string literal [-Winvalid-source-encoding]
  printf("SRAM<B6><C1>д<B2><E2><CA><D4><D5><FD><B3><A3><A3><A1>\n"); 
              ^~~~~~~~ ~~~~~~~~~~~~~~~~~~~~~~~~~~~~~~~~~~~~~~~~
../Libraries/PROLIB/src/SRAM_book.c(324): warning: unknown attribute 'at' ignored [-Wunknown-attributes]
static uint8_t testSRAM_Value __attribute__ ((at (SRAM_BASE_ADDR)));
                                              ^
../Libraries/PROLIB/src/SRAM_book.c(333): warning: illegal character encoding in string literal [-Winvalid-source-encoding]
  printf("<B6><C1><B3><F6><B5><C4><CA><FD><BE><DD>Ϊ1: 0x%x\n",*SRAM_P); 
          ^~~~~~~~~~~~~~~~~~~~~~~~~~~~~~~~~~~~~~~~
../Libraries/PROLIB/src/SRAM_book.c(337): warning: illegal character encoding in string literal [-Winvalid-source-encoding]
  printf("<B6><C1><B3><F6><B5><C4><CA><FD><BE><DD>Ϊ2: 0x%x\n",*SRAM_P16);
          ^~~~~~~~~~~~~~~~~~~~~~~~~~~~~~~~~~~~~~~~
../Libraries/PROLIB/src/SRAM_book.c(341): warning: illegal character encoding in string literal [-Winvalid-source-encoding]
  printf("<B6><C1><B3><F6><B5><C4><CA><FD><BE><DD>Ϊ3: 0x%.2f\n",*SRAM_Pf);
          ^~~~~~~~~~~~~~~~~~~~~~~~~~~~~~~~~~~~~~~~
../Libraries/PROLIB/src/SRAM_book.c(344): warning: illegal character encoding in string literal [-Winvalid-source-encoding]
  printf("<B6><C1><B3><F6><B5><C4><CA><FD><BE><DD>Ϊ1: 0x%x\n",testSRAM_Value); 
          ^~~~~~~~~~~~~~~~~~~~~~~~~~~~~~~~~~~~~~~~
9 warnings generated.
compiling SRAM_book.c...
compiling LCD_book.c...
../Libraries/PROLIB/src/FatFs_book.c(1): warning: In file included from...
../Libraries/PROLIB/inc\FatFs_book.h(4): warning: In file included from...
../Libraries/PROLIB/FATFS\ff.h(27): warning: In file included from...
../Libraries/PROLIB/FATFS/ffconf.h(94): warning: '_USE_LFN' macro redefined [-Wmacro-redefined]
#define _USE_LFN        2
        ^
<command line>(8): note: previous definition is here
#define _USE_LFN 1
        ^
../Libraries/PROLIB/src/FatFs_book.c(39): warning: illegal character encoding in string literal [-Winvalid-source-encoding]
  printf("\n********** <CD>ⲿSPIFlash<B9><D2><D4><D8><CE>ļ<FE>ϵͳ **********\r\n");
                       ^~~~         ~~~~~~~~~~~~~~~~~~~~ ~~~~
../Libraries/PROLIB/src/FatFs_book.c(40): warning: illegal character encoding in string literal [-Winvalid-source-encoding]
  printf(" <D4><DA><CD>ⲿSPI Flash<B9><D2><D4><D8><CE>ļ<FE>ϵͳ<A3><AC><CE>ļ<FE>ϵͳ<B9><D2><D4><D8>ʱ<BB><E1><B6><D4>SPI<C9>豸<B3><F5>ʼ<BB><AF>\r\n");
           ^~~~~~~~~~~~          ~~~~~~~~~~~~~~~~~~~~ ~~~~  ~~~~~~~~~~~~ ~~~~  ~~~~~~~~~~~~~~~~ ~~~~~~~~~~~~~~~~   ~~~~  ~~~~~~~~ ~~~~~~~~
../Libraries/PROLIB/src/FatFs_book.c(48): warning: illegal character encoding in string literal [-Winvalid-source-encoding]
    printf("<A1><B7>FLASH <BB><B9>û<D3><D0><CE>ļ<FE>ϵͳ<A3><AC><BC><B4><BD><AB><BD><F8><D0><D0>Flash FatFS <B8><F1>ʽ<BB><AF>...\r\n");
            ^~~~~~~~      ~~~~~~~~ ~~~~~~~~~~~~ ~~~~  ~~~~~~~~~~~~~~~~~~~~~~~~~~~~~~~~~~~~~~~~            ~~~~~~~~ ~~~~~~~~
../Libraries/PROLIB/src/FatFs_book.c(56): warning: illegal character encoding in string literal [-Winvalid-source-encoding]
      printf("<A1><B7>FLASH <D2>ѳɹ<A6><B8><F1>ʽ<BB><AF><CE>ļ<FE>ϵͳ<A1><A3>\r\n");
              ^~~~~~~~      ~~~~  ~~~~~~~~~~~~ ~~~~~~~~~~~~ ~~~~  ~~~~~~~~
../Libraries/PROLIB/src/FatFs_book.c(61): warning: illegal character encoding in string literal [-Winvalid-source-encoding]
      printf("<A1><B7><B8><F1>ʽ<BB><AF>ʧ<B0>ܡ<A3> \r\n");
              ^~~~~~~~~~~~~~~~ ~~~~~~~~ ~~~~ ~~~~
../Libraries/PROLIB/src/FatFs_book.c(66): warning: illegal character encoding in string literal [-Winvalid-source-encoding]
    printf("<A3><A1><CD>ⲿ Flash <B9><D2><D4><D8><CE>ļ<FE>ϵͳʧ<B0>ܡ<A3>(%d)\r\n",res_flash);
            ^~~~~~~~~~~~        ~~~~~~~~~~~~~~~~~~~~ ~~~~   ~~~~ ~~~~
../Libraries/PROLIB/src/FatFs_book.c(67): warning: illegal character encoding in string literal [-Winvalid-source-encoding]
    printf("<A3><A1><BF><C9><C4><DC><U+052D><D2><F2><A3><BA>SPI Flash <B3><F5>ʼ<BB><AF><B2><BB><B3>ɹ<A6><A1><A3>\r\n");
            ^~~~~~~~~~~~~~~~~~~~~~~~        ~~~~~~~~~~~~~~~~          ~~~~~~~~ ~~~~~~~~~~~~~~~~~~~~ ~~~~~~~~~~~~
../Libraries/PROLIB/src/FatFs_book.c(71): warning: illegal character encoding in string literal [-Winvalid-source-encoding]
    printf("<A1><B7><CE>ļ<FE>ϵͳ<B9><D2><D4>سɹ<A6><A3><AC><BF><C9><D2>Խ<F8><D0>ж<C1>д<B2><E2><CA><D4>\r\n");
            ^~~~~~~~~~~~ ~~~~  ~~~~~~~~~~~~  ~~~~~~~~~~~~~~~~~~~~~~~~ ~~~~~~~~ ~~~~ ~~~~~~~~~~~~~~~~
../Libraries/PROLIB/src/FatFs_book.c(80): warning: illegal character encoding in string literal [-Winvalid-source-encoding]
  printf("<A1><B7><C9>豸<D7>ܿռ䣺%10lu KB<A1><A3>\n<A1><B7><BF><C9><D3>ÿռ䣺  %10lu KB<A1><A3>\r\n", tot_sect<<2, fre_sect<<2);
          ^~~~~~~~~~~~  ~~~~           ~~~~~~~~
../Libraries/PROLIB/src/FatFs_book.c(80): warning: illegal character encoding in string literal [-Winvalid-source-encoding]
  printf("<A1><B7><C9>豸<D7>ܿռ䣺%10lu KB<A1><A3>\n<A1><B7><BF><C9><D3>ÿռ䣺  %10lu KB<A1><A3>\r\n", tot_sect<<2, fre_sect<<2);
                                                 ^~~~~~~~~~~~~~~~~~~~              ~~~~~~~~
../Libraries/PROLIB/src/FatFs_book.c(113): warning: illegal character encoding in string literal [-Winvalid-source-encoding]
  printf("\n******** <CE>ļ<FE>%s<B6><A8>λ<BA><U+0378><F1>ʽ<BB><AF>д<C8>빦<C4>ܲ<E2><CA><D4> ********\r\n",File_Read_Buffer);
                     ^~~~ ~~~~  ~~~~~~~~ ~~~~        ~~~~ ~~~~~~~~ ~~~~  ~~~~~~~~~~~~~~~~
../Libraries/PROLIB/src/FatFs_book.c(118): warning: illegal character encoding in string literal [-Winvalid-source-encoding]
    printf("******** <CE>ļ<FE><B6><A8>λ<U+05F7><BC><D3><C4><DA><C8><DD> ********\r\n");
                     ^~~~ ~~~~~~~~~~~~         ~~~~~~~~~~~~~~~~~~~~~~~~
../Libraries/PROLIB/src/FatFs_book.c(122): warning: passing 'BYTE *' (aka 'unsigned char *') to parameter of type 'const TCHAR *' (aka 'const char *') converts between pointers to integer types with different sign [-Wpointer-sign]
      f_printf(&fnew ,Text_Buffer );  
                      ^~~~~~~~~~~
../Libraries/PROLIB/FATFS\ff.h(242): note: passing argument to parameter 'str' here
int f_printf (FIL* fp, const TCHAR* str, ...);                                          /* Put a formatted string to the file */
                                    ^
../Libraries/PROLIB/src/FatFs_book.c(126): warning: illegal character encoding in string literal [-Winvalid-source-encoding]
        printf("> <CE>ļ<FE><C4><DA><C8>ݣ<BA>\n%s\n" ,File_Read_Buffer );
                  ^~~~ ~~~~~~~~~~~~~~~~ ~~~~
../Libraries/PROLIB/src/FatFs_book.c(131): warning: illegal character encoding in string literal [-Winvalid-source-encoding]
    printf("!! <B4><F2><BF><AA><CE>ļ<FE>ʧ<B0>ܣ<BA>%d\n",res_flash);
               ^~~~~~~~~~~~~~~~~~~~ ~~~~ ~~~~ ~~~~
../Libraries/PROLIB/src/FatFs_book.c(132): warning: illegal character encoding in string literal [-Winvalid-source-encoding]
    printf("!! <BB><F2><D0><ED><D0><E8>Ҫ<D4>ٴ<CE><D4><CB><D0>С<B0>FatFs<D2><C6>ֲ<D3><EB><B6><C1>д<B2><E2><CA>ԡ<B1><B9><A4><B3><CC>\n");
               ^~~~~~~~~~~~~~~~~~~~~~~~ ~~~~ ~~~~~~~~~~~~~~~~ ~~~~     ~~~~~~~~~~~~~~~~~~~~~~~~ ~~~~~~~~~~~~ ~~~~~~~~~~~~~~~~~~~~
../Libraries/PROLIB/src/FatFs_book.c(135): warning: address of stack memory associated with local variable 'File_Read_Buffer' returned [-Wreturn-stack-address]
  return File_Read_Buffer;
         ^~~~~~~~~~~~~~~~
../Libraries/PROLIB/src/FatFs_book.c(156): warning: illegal character encoding in string literal [-Winvalid-source-encoding]
  printf("\n********** Ŀ¼<B4><B4><BD><A8><BA><CD><D6><D8><C3><FC><C3><FB><B9><A6><C4>ܲ<E2><CA><D4> **********\r\n");
                         ^~~~~~~~~~~~~~~~~~~~~~~~~~~~~~~~~~~~~~~~~~~~~~~~~~~~~~~~~~~~~~~~~~~~~~~~
../Libraries/PROLIB/src/FatFs_book.c(159): warning: illegal character encoding in string literal [-Winvalid-source-encoding]
    printf("!! <B4><F2><BF><AA>Ŀ¼%s ʧ<B0>ܿ<AA>ʼ<B3><A2><CA>Դ<B4><BD><A8><D0>µ<C4>Ŀ¼\n",_File_OldPath);
               ^~~~~~~~~~~~~~~~      ~~~~~~~~ ~~~~~~~~~~~~ ~~~~~~~~~~~~~~~~ ~~~~
../Libraries/PROLIB/src/FatFs_book.c(163): warning: illegal character encoding in string literal [-Winvalid-source-encoding]
         printf("!! <B4><B4><BD><A8><D0>µ<C4>Ŀ¼<BB><B9><CA><C7>ʧ<B0><DC>(%d) \n",res_flash);
                    ^~~~~~~~~~~~~~~~~~~~ ~~~~  ~~~~~~~~~~~~~~~~ ~~~~~~~~
../Libraries/PROLIB/src/FatFs_book.c(168): warning: illegal character encoding in string literal [-Winvalid-source-encoding]
    printf("!! <C8><E7><B9><FB>Ŀ¼<D2>Ѿ<AD><B4><E6><D4>ڣ<AC><B9>ر<D5><CB><FC>\n"); 
               ^~~~~~~~~~~~~~~~  ~~~~ ~~~~~~~~~~~~~~~~ ~~~~~~~~ ~~~~~~~~~~~~
../Libraries/PROLIB/src/FatFs_book.c(175): warning: illegal character encoding in string literal [-Winvalid-source-encoding]
    printf(">  <D6><D8><C3><FC><C3><FB><B2><A2><D2>ƶ<AF><CE>ļ<FE>%d<CD><EA><B3><C9> \n",res_flash);
               ^~~~~~~~~~~~~~~~~~~~~~~~~~~~~~~~~~~~ ~~~~~~~~ ~~~~  ~~~~~~~~~~~~~~~~
../Libraries/PROLIB/src/FatFs_book.c(188): warning: illegal character encoding in string literal [-Winvalid-source-encoding]
  printf("\n********** file_check <B2><E2><CA><D4> **********\r\n");
                                  ^~~~~~~~~~~~~~~~
../Libraries/PROLIB/src/FatFs_book.c(192): warning: illegal character encoding in string literal [-Winvalid-source-encoding]
    printf("%s <CE>ļ<FE><D0><C5>Ϣ<A3><BA>\n",File_ADDR);
               ^~~~ ~~~~~~~~~~~~ ~~~~~~~~
../Libraries/PROLIB/src/FatFs_book.c(193): warning: illegal character encoding in string literal [-Winvalid-source-encoding]
    printf("<A1><B7><CE>ļ<FE><B4><F3>С: %ld(<D7>ֽ<DA>)\n", fno.fsize);
            ^~~~~~~~~~~~ ~~~~~~~~~~~~       ~~~~~~~~
../Libraries/PROLIB/src/FatFs_book.c(194): warning: illegal character encoding in string literal [-Winvalid-source-encoding]
    printf("<A1><B7>ʱ<BC><E4><B4><C1>: %u/%02u/%02u, %02u:%02u\n",
            ^~~~~~~~ ~~~~~~~~~~~~~~~~
../Libraries/PROLIB/src/FatFs_book.c(197): warning: illegal character encoding in string literal [-Winvalid-source-encoding]
    printf("<A1><B7><CA><F4><D0><D4>: %c%c%c%c%c\n\n",
            ^~~~~~~~~~~~~~~~~~~~~~~~
../Libraries/PROLIB/src/FatFs_book.c(205): warning: illegal character encoding in string literal [-Winvalid-source-encoding]
     printf("<A1><B7><B4><ED><CE><F3> %ld(<D7>ֽ<DA>)\n",res_flash);
             ^~~~~~~~~~~~~~~~~~~~~~~~     ~~~~~~~~
../Libraries/PROLIB/src/FatFs_book.c(205): warning: format specifies type 'long' but the argument has underlying type 'unsigned char' [-Wformat]
     printf("<A1><B7><B4><ED><CE><F3> %ld(<D7>ֽ<DA>)\n",res_flash);
                                      ~~~              ^~~~~~~~~
                                      %hhu
../Libraries/PROLIB/src/FatFs_book.c(261): warning: illegal character encoding in string literal [-Winvalid-source-encoding]
    printf("<A1><B7><B4><ED><CE><F3> %d \n",res);
            ^~~~~~~~~~~~~~~~~~~~~~~~
../Libraries/PROLIB/src/FatFs_book.c(274): warning: illegal character encoding in string literal [-Winvalid-source-encoding]
  printf("\n********** file_·<BE><B6><B2><E2><CA><D4> **********\r\n");
                             ^~~~~~~~~~~~~~~~~~~~~~~~
../Libraries/PROLIB/src/FatFs_book.c(275): warning: passing 'BYTE [100]' to parameter of type 'char *' converts between pointers to integer types with different sign [-Wpointer-sign]
  strcpy(fpath,File_ADDR);
         ^~~~~
D:\Keil_v5\ARM\ARMCLANG\Bin\..\include\string.h(77): note: passing argument to parameter here
extern _ARMABI char *strcpy(char * __restrict /*s1*/, const char * __restrict /*s2*/) __attribute__((__nonnull__(1,2)));
                                                    ^
../Libraries/PROLIB/src/FatFs_book.c(276): warning: passing 'BYTE [100]' to parameter of type 'char *' converts between pointers to integer types with different sign [-Wpointer-sign]
  return scan_file(fpath); 
                   ^~~~~
../Libraries/PROLIB/src/FatFs_book.c(216): note: passing argument to parameter 'File_ADDR' here
static FRESULT scan_file(char*  File_ADDR){
                                ^
34 warnings generated.
compiling FatFs_book.c...
../Libraries/PROLIB/src/XPT2046_LCD_book.c(138): warning: illegal character encoding in string literal [-Winvalid-source-encoding]
  printf("<B4><A5><C3><FE><B5><E3> X: 0x%x  Y:0x%x \n" ,*sX_Ad ,*sY_Ad );
          ^~~~~~~~~~~~~~~~~~~~~~~~
1 warning generated.
compiling XPT2046_LCD_book.c...
../Libraries/PROLIB/src/XPT2046_LCD_Function_book.c(361): warning: illegal character encoding in string literal [-Winvalid-source-encoding]
                                        printf ( "<CF><D4>ʾģʽ<A1><BE>%d<A1><BF>У<U+05FC>ϵ<CA><FD><C8><E7><CF>£<BA>", LCD_Mode);
                                                  ^~~~~~~~   ~~~~~~~~  ~~~~~~~~          ~~~~~~~~~~~~~~~~~~~~ ~~~~
1 warning generated.
compiling XPT2046_LCD_Function_book.c...
../Libraries/PROLIB/src/LCD_PageHtml_book.c(92): warning: illegal character encoding in string literal [-Winvalid-source-encoding]
                        pStr = "Touch Calibrate <B4><A5><C3><FE>У<D1><E9>...";           
                                                ^~~~~~~~~~~~~~~~ ~~~~~~~~
../Libraries/PROLIB/src/LCD_PageHtml_book.c(272): warning: illegal character encoding in string literal [-Winvalid-source-encoding]
      ILI9341_DispString_EN_CH(10,5,"<CA><E4><C8><EB> Telephone!");
                                     ^~~~~~~~~~~~~~~~
../Libraries/PROLIB/src/LCD_PageHtml_book.c(276): warning: illegal character encoding in string literal [-Winvalid-source-encoding]
      ILI9341_DispStringLine_EN_CH(LINE(3),"  <D0><C5>Ϣ:");
                                              ^~~~~~~~
../Libraries/PROLIB/src/LCD_PageHtml_book.c(285): warning: illegal character encoding in string literal [-Winvalid-source-encoding]
      ILI9341_DispString_CH(13,72,"<B2><BB><B9><CB>һ<C7>е<C4>ȥ<BF><B4><C4><E3>");     
                                   ^~~~~~~~~~~~~~~~ ~~~~ ~~~~ ~~~~~~~~~~~~~~~~
../Libraries/PROLIB/src/LCD_PageHtml_book.c(296): warning: illegal character encoding in string literal [-Winvalid-source-encoding]
      ILI9341_DispStringLine_EN_CH(LINE(7),"                        ȷ<B6><A8>");     
                                                                     ^~~~~~~~
../Libraries/PROLIB/src/LCD_PageHtml_book.c(301): warning: illegal character encoding in string literal [-Winvalid-source-encoding]
      ILI9341_DispStringLine_EN_CH(LINE(9)," <BB><D8><D2>仯<B3>ɵ<FB>?");
                                             ^~~~~~~~~~~~  ~~~~ ~~~~
../Libraries/PROLIB/src/LCD_PageHtml_book.c(314): warning: passing 'char [13]' to parameter of type 'uint8_t *' (aka 'unsigned char *') converts between pointers to integer types with different sign [-Wpointer-sign]
      ILI9341_DisplayStringEx(0,200,Font24x32.Width  , Font24x32.Height , "        Yes!",0);
                                                                          ^~~~~~~~~~~~~~
../Libraries/PROLIB/inc/LCD_Draw_book.h(201): note: passing argument to parameter 'ptr' here
  uint8_t *ptr,                                 //<CF><D4>ʾ<B5><C4><D7>ַ<FB><C4><DA><C8><DD>
           ^
../Libraries/PROLIB/src/LCD_PageHtml_book.c(316): warning: passing 'char [13]' to parameter of type 'uint8_t *' (aka 'unsigned char *') converts between pointers to integer types with different sign [-Wpointer-sign]
      ILI9341_DisplayStringEx(0,230,Font24x32.Width  , Font24x32.Height ,"         NO!",0);
                                                                         ^~~~~~~~~~~~~~
../Libraries/PROLIB/inc/LCD_Draw_book.h(201): note: passing argument to parameter 'ptr' here
  uint8_t *ptr,                                 //<CF><D4>ʾ<B5><C4><D7>ַ<FB><C4><DA><C8><DD>
           ^
../Libraries/PROLIB/src/LCD_PageHtml_book.c(323): warning: passing 'char [12]' to parameter of type 'uint8_t *' (aka 'unsigned char *') converts between pointers to integer types with different sign [-Wpointer-sign]
      ILI9341_DisplayStringEx(0,260,Font24x32.Width  , Font24x32.Height ,"   My LOVE ",0);
                                                                         ^~~~~~~~~~~~~
../Libraries/PROLIB/inc/LCD_Draw_book.h(201): note: passing argument to parameter 'ptr' here
  uint8_t *ptr,                                 //<CF><D4>ʾ<B5><C4><D7>ַ<FB><C4><DA><C8><DD>
           ^
9 warnings generated.
compiling LCD_PageHtml_book.c...
compiling LCD_Draw_book.c...
../Libraries/PROLIB/src/XPT2046_LCD_Device_book.c(347): warning: illegal character encoding in string literal [-Winvalid-source-encoding]
                               ptr->start_y +(ptr->end_y - ptr->start_y - 16)/2,"<CF><F0>Ƥ");
                                                                                 ^~~~~~~~
../Libraries/PROLIB/src/XPT2046_LCD_Device_book.c(361): warning: illegal character encoding in string literal [-Winvalid-source-encoding]
                                                                                                                                ptr->start_y+ ((ptr->end_y - ptr->start_y-16)/2),"<CF><F0>Ƥ");
                                                                                                                                                                                  ^~~~~~~~
../Libraries/PROLIB/src/XPT2046_LCD_Device_book.c(391): warning: illegal character encoding in string literal [-Winvalid-source-encoding]
                               ptr->start_y +(ptr->end_y - ptr->start_y - 16)/2,"<C7><E5><C6><C1>");
                                                                                 ^~~~~~~~~~~~~~~~
../Libraries/PROLIB/src/XPT2046_LCD_Device_book.c(405): warning: illegal character encoding in string literal [-Winvalid-source-encoding]
                                                                                                                                ptr->start_y+ ((ptr->end_y - ptr->start_y-16)/2),"<C7><E5><C6><C1>");
                                                                                                                                                                                  ^~~~~~~~~~~~~~~~
../Libraries/PROLIB/src/XPT2046_LCD_Device_book.c(487): warning: enumeration value 'Draw_CLEAR' not handled in switch [-Wswitch]
    switch( brush->shape ){ //  <B8><F9><BE>ݻ<AD>ˢ<B5>Ĳ<BB>ͬ<BB>滭<B2><BB>ͬ<B5>Ĺ켣
            ^
5 warnings generated.
compiling XPT2046_LCD_Device_book.c...
compiling ADC_book.c...
../Libraries/PROLIB/FATFS/diskio.c(11): warning: In file included from...
../Libraries/PROLIB/FATFS/ff.h(27): warning: In file included from...
../Libraries/PROLIB/FATFS/ffconf.h(94): warning: '_USE_LFN' macro redefined [-Wmacro-redefined]
#define _USE_LFN        2
        ^
<command line>(8): note: previous definition is here
#define _USE_LFN 1
        ^
1 warning generated.
compiling diskio.c...
../Libraries/PROLIB/FATFS/option/cc936.c(6): warning: In file included from...
../Libraries/PROLIB/FATFS/option/../ff.h(27): warning: In file included from...
../Libraries/PROLIB/FATFS/ffconf.h(94): warning: '_USE_LFN' macro redefined [-Wmacro-redefined]
#define _USE_LFN        2
        ^
<command line>(8): note: previous definition is here
#define _USE_LFN 1
        ^
1 warning generated.
compiling cc936.c...
compiling fonts.c...
../User/main.c(16): warning: In file included from...
../Libraries/PROLIB/inc\PROJ_book.h(15): warning: In file included from...
../Libraries/PROLIB/inc/FatFs_book.h(4): warning: In file included from...
../Libraries/PROLIB/FATFS\ff.h(27): warning: In file included from...
../Libraries/PROLIB/FATFS/ffconf.h(94): warning: '_USE_LFN' macro redefined [-Wmacro-redefined]
#define _USE_LFN        2
        ^
<command line>(8): note: previous definition is here
#define _USE_LFN 1
        ^
../User/main.c(81): warning: illegal character encoding in string literal [-Winvalid-source-encoding]
      printf("\n\n\r\n********** ICϵͳ<BF><AA>ʼ<D4><CB><D0><D0> **********\r\n");
                                     ^~~~~~~~ ~~~~~~~~~~~~~~~~
../User/main.c(135): warning: illegal character encoding in string literal [-Winvalid-source-encoding]
  printf("\n ---> LED<BF><AA>ʼ<D4><CB><D0><D0> \n");
                     ^~~~~~~~ ~~~~~~~~~~~~~~~~
../User/main.c(154): warning: illegal character encoding in string literal [-Winvalid-source-encoding]
  printf("--><B4><AE><BF><DA>ͨ<D0><C5>ָ<B2><E2><CA><D4><CD><EA><B1><CF> \n");
             ^~~~~~~~~~~~~~~~~~~~~~~~~~~~~~~~~~~~~~~~~~~~~~~~~~~~~~~~
../User/main.c(160): warning: illegal character encoding in string literal [-Winvalid-source-encoding]
  printf("\n ---> DMA<BF><AA>ʼ<D4><CB><D0><D0> \n");
                     ^~~~~~~~ ~~~~~~~~~~~~~~~~
../User/main.c(161): warning: incompatible pointer to integer conversion passing 'const uint32_t [20]' to parameter of type 'uint32_t' (aka 'unsigned int') [-Wint-conversion]
  _DMA_ROM_TO_RAM(Map_BUFFER_SIZE ,aSRC_Cont_Buffer , aDST_Buffer);
                                   ^~~~~~~~~~~~~~~~
../Libraries/PROLIB/inc/DMA_book.h(32): note: passing argument to parameter '_DMA_Source_ADDR' here
void _DMA_ROM_TO_RAM(uint32_t _BUFFER_SIZE , uint32_t  _DMA_Source_ADDR,  uint32_t  _DMA_AIM_ADDR );
                                                       ^
../User/main.c(161): warning: incompatible pointer to integer conversion passing 'uint32_t [20]' to parameter of type 'uint32_t' (aka 'unsigned int') [-Wint-conversion]
  _DMA_ROM_TO_RAM(Map_BUFFER_SIZE ,aSRC_Cont_Buffer , aDST_Buffer);
                                                      ^~~~~~~~~~~
../Libraries/PROLIB/inc/DMA_book.h(32): note: passing argument to parameter '_DMA_AIM_ADDR' here
void _DMA_ROM_TO_RAM(uint32_t _BUFFER_SIZE , uint32_t  _DMA_Source_ADDR,  uint32_t  _DMA_AIM_ADDR );
                                                                                    ^
../User/main.c(162): warning: incompatible pointer to integer conversion passing 'uint32_t [20]' to parameter of type 'uint32_t' (aka 'unsigned int') [-Wint-conversion]
  _DMA_RAM_TO_USART(Map_BUFFER_SIZE ,USART_Source_ADDR , aDST_Buffer); 
                                                         ^~~~~~~~~~~
../Libraries/PROLIB/inc/DMA_book.h(34): note: passing argument to parameter '_DMA_AIM_ADDR' here
void _DMA_RAM_TO_USART(uint32_t _BUFFER_SIZE , uint32_t  _DMA_Source_ADDR,  uint32_t  _DMA_AIM_ADDR );
                                                                                      ^
../User/main.c(163): warning: illegal character encoding in string literal [-Winvalid-source-encoding]
  printf("---> DMA<D4><CB><D0><D0><CD><EA><B1><CF> \n");
                  ^~~~~~~~~~~~~~~~~~~~~~~~~~~~~~~~
../User/main.c(168): warning: illegal character encoding in string literal [-Winvalid-source-encoding]
  printf("\n-->I2C_<BA><AF><CA><FD>д<C8>뿪ʼ \n");
                   ^~~~~~~~~~~~~~~~ ~~~~
../User/main.c(172): warning: illegal character encoding in string literal [-Winvalid-source-encoding]
  printf("--->I2C_<BA><AF><CA><FD>д<C8><EB><CD><EA><B1><CF>\n\r");
                  ^~~~~~~~~~~~~~~~ ~~~~~~~~~~~~~~~~~~~~~~~~
../User/main.c(177): warning: illegal character encoding in string literal [-Winvalid-source-encoding]
  printf("\n-->I2C_<C8><ED><BC><FE><BA><AF><CA><FD>д<C8>뿪ʼ \n");
                   ^~~~~~~~~~~~~~~~~~~~~~~~~~~~~~~~ ~~~~
../User/main.c(181): warning: illegal character encoding in string literal [-Winvalid-source-encoding]
  printf("\n--->I2C_<C8><ED><BC><FE><BA><AF><CA><FD>д<C8><EB><CD><EA><B1><CF>\n\r");
                    ^~~~~~~~~~~~~~~~~~~~~~~~~~~~~~~~ ~~~~~~~~~~~~~~~~~~~~~~~~
../User/main.c(187): warning: illegal character encoding in string literal [-Winvalid-source-encoding]
  printf("-->SPIͨ<D0><C5>ָ<B2><E2><CA>Կ<AA>ʼ \n");
                ^~~~~~~~~~~~~~~~~~~~ ~~~~
../User/main.c(195): warning: illegal character encoding in string literal [-Winvalid-source-encoding]
  printf("\n\n-->SPI<C7><E5><BF>տ<AA>ʼ \n");
                    ^~~~~~~~~~~~ ~~~~
../User/main.c(198): warning: illegal character encoding in string literal [-Winvalid-source-encoding]
  printf("\n\n-->SPI<C7><E5><BF><D5><CD><EA><B3><C9> \n");
                    ^~~~~~~~~~~~~~~~~~~~~~~~~~~~~~~~
../User/main.c(208): warning: illegal character encoding in string literal [-Winvalid-source-encoding]
  printf("\n\n-->SPI<CA><E4><C8><EB><CD><EA><B3><C9> \n");
                    ^~~~~~~~~~~~~~~~~~~~~~~~~~~~~~~~
../User/main.c(212): warning: illegal character encoding in string literal [-Winvalid-source-encoding]
  printf("-->SPIͨ<D0><C5>ָ<B2><E2><CA><D4><CD><EA><B1><CF> \n");
                ^~~~~~~~~~~~~~~~~~~~~~~~~~~~~~~~~~~~~~~~
../User/main.c(190): warning: result of comparison of constant 15679511 with expression of type 'uint16_t' (aka 'unsigned short') is always false [-Wtautological-constant-out-of-range-compare]
  if(FlashID == _SPI_FLASH_ID){
     ~~~~~~~ ^  ~~~~~~~~~~~~~
../User/main.c(220): warning: illegal character encoding in string literal [-Winvalid-source-encoding]
  FatFs_document_Text(FileTest_ADDR_Buffer_Document, "Wangqi<BC><D3><D3><CD>!\n" );
                                                            ^~~~~~~~~~~~~~~~
../User/main.c(220): warning: passing 'char [13]' to parameter of type 'BYTE *' (aka 'unsigned char *') converts between pointers to integer types with different sign [-Wpointer-sign]
  FatFs_document_Text(FileTest_ADDR_Buffer_Document, "Wangqi<BC><D3><D3><CD>!\n" );
                                                     ^~~~~~~~~~~~~~~~~~~~~~~~~~~
../Libraries/PROLIB/inc/FatFs_book.h(30): note: passing argument to parameter 'Text_Buffer' here
  BYTE* Text_Buffer 
        ^
../User/main.c(236): warning: illegal character encoding in string literal [-Winvalid-source-encoding]
  printf("********** SRAM_<C0><A9>չ<C4>ڴ<E6><B2><E2><CA><D4> ********** \n");  
                          ^~~~~~~~ ~~~~ ~~~~~~~~~~~~~~~~~~~~
../User/main.c(237): warning: illegal character encoding in string literal [-Winvalid-source-encoding]
  printf("--><CD>ⲿSRAM_<C4>ڴ溯<CA><FD><B3><F5>ʼ<BB><AF><BF><AA>ʼ \n");
             ^~~~      ~~~~   ~~~~~~~~~~~~~~~~ ~~~~~~~~~~~~~~~~
../User/main.c(239): warning: illegal character encoding in string literal [-Winvalid-source-encoding]
  printf("\n--><CD>ⲿSRAM_<C4>ڴ溯<CA><FD><B2><E2><CA>Կ<AA>ʼ \n");
               ^~~~      ~~~~   ~~~~~~~~~~~~~~~~~~~~ ~~~~
../User/main.c(241): warning: illegal character encoding in string literal [-Winvalid-source-encoding]
  printf("\n--><CD>ⲿSRAM_<C4>ڴ溯<CA><FD>д<C8>뿪ʼ \n");
               ^~~~      ~~~~   ~~~~~~~~ ~~~~
../User/main.c(256): warning: illegal character encoding in string literal [-Winvalid-source-encoding]
            printf("\n-->LCD <D4><CB><D0><D0><D5><FD><B3><A3>");
                             ^~~~~~~~~~~~~~~~~~~~~~~~~~~~~~~~
../User/main.c(257): warning: illegal character encoding in string literal [-Winvalid-source-encoding]
            Lcd_display_String("  LCD <D4><CB><D0><D0><D5><FD><B3><A3>");     
                                      ^~~~~~~~~~~~~~~~~~~~~~~~~~~~~~~~
../User/main.c(257): warning: passing 'char [15]' to parameter of type 'uint8_t *' (aka 'unsigned char *') converts between pointers to integer types with different sign [-Wpointer-sign]
            Lcd_display_String("  LCD <D4><CB><D0><D0><D5><FD><B3><A3>");     
                               ^~~~~~~~~~~~~~~~~~~~~~~~~~~~~~~~~~~~~~~~
../Libraries/PROLIB/inc/LCD_Draw_book.h(214): note: passing argument to parameter 'ptr' here
void Lcd_display_String(uint8_t *ptr);
                                 ^
../User/main.c(260): warning: illegal character encoding in string literal [-Winvalid-source-encoding]
            printf("\n-->LCD <D4><CB><D0><D0><D2>쳣");
                             ^~~~~~~~~~~~~~~~~~~~
../User/main.c(261): warning: illegal character encoding in string literal [-Winvalid-source-encoding]
            Lcd_display_String("   LCD <D4><CB><D0><D0><D2>쳣");
                                       ^~~~~~~~~~~~~~~~~~~~
../User/main.c(261): warning: passing 'char [16]' to parameter of type 'uint8_t *' (aka 'unsigned char *') converts between pointers to integer types with different sign [-Wpointer-sign]
            Lcd_display_String("   LCD <D4><CB><D0><D0><D2>쳣");
                               ^~~~~~~~~~~~~~~~~~~~~~~~~~~~~~~
../Libraries/PROLIB/inc/LCD_Draw_book.h(214): note: passing argument to parameter 'ptr' here
void Lcd_display_String(uint8_t *ptr);
                                 ^
../User/main.c(270): warning: illegal character encoding in string literal [-Winvalid-source-encoding]
   printf("\n-->LCD <B4><A5><C3><FE><B3><F5>ʼ<BB><AF>");
                    ^~~~~~~~~~~~~~~~~~~~~~~~ ~~~~~~~~
../User/main.c(271): warning: illegal character encoding in string literal [-Winvalid-source-encoding]
   Lcd_display_String("  LCD <B4><A5><C3><FE><B3><F5>ʼ<BB><AF>");   
                             ^~~~~~~~~~~~~~~~~~~~~~~~ ~~~~~~~~
../User/main.c(271): warning: passing 'char [17]' to parameter of type 'uint8_t *' (aka 'unsigned char *') converts between pointers to integer types with different sign [-Wpointer-sign]
   Lcd_display_String("  LCD <B4><A5><C3><FE><B3><F5>ʼ<BB><AF>");   
                      ^~~~~~~~~~~~~~~~~~~~~~~~~~~~~~~~~~~~~~~~~
../Libraries/PROLIB/inc/LCD_Draw_book.h(214): note: passing argument to parameter 'ptr' here
void Lcd_display_String(uint8_t *ptr);
                                 ^
../User/main.c(272): warning: implicit declaration of function 'XPT2046_GPIO_Init' is invalid in C99 [-Wimplicit-function-declaration]
   XPT2046_GPIO_Init();  
   ^
../User/main.c(274): warning: illegal character encoding in string literal [-Winvalid-source-encoding]
   Lcd_display_String("  LCD <B4><A5><C3><FE><B3><F5>ʼ<BB><AF>ok");
                             ^~~~~~~~~~~~~~~~~~~~~~~~ ~~~~~~~~
../User/main.c(274): warning: passing 'char [19]' to parameter of type 'uint8_t *' (aka 'unsigned char *') converts between pointers to integer types with different sign [-Wpointer-sign]
   Lcd_display_String("  LCD <B4><A5><C3><FE><B3><F5>ʼ<BB><AF>ok");
                      ^~~~~~~~~~~~~~~~~~~~~~~~~~~~~~~~~~~~~~~~~~~
../Libraries/PROLIB/inc/LCD_Draw_book.h(214): note: passing argument to parameter 'ptr' here
void Lcd_display_String(uint8_t *ptr);
                                 ^
37 warnings generated.
compiling main.c...
../Libraries/PROLIB/FATFS/ff.c(19): warning: In file included from...
../Libraries/PROLIB/FATFS/ff.h(27): warning: In file included from...
../Libraries/PROLIB/FATFS/ffconf.h(94): warning: '_USE_LFN' macro redefined [-Wmacro-redefined]
#define _USE_LFN        2
        ^
<command line>(8): note: previous definition is here
#define _USE_LFN 1
        ^
1 warning generated.
compiling ff.c...
compiling stm32f10x_it.c...
linking...
Program Size: Code=36236 RO-data=192524 RW-data=2312 ZI-data=36096  
FromELF: creating hex file...
".\Output\Temp.axf" - 0 Error(s), 147 Warning(s).

<h2>Software Packages used:</h2>

Package Vendor: Keil
                http://www.keil.com/pack/Keil.STM32F1xx_DFP.1.1.0.pack
                Keil.STM32F1xx_DFP.1.1.0
                STMicroelectronics STM32F1 Series Device Support, Drivers and Examples

<h2>Collection of Component include folders:</h2>
  .\RTE\_Target_1
  D:\Users\Stone\AppData\Local\Arm\Packs\Keil\STM32F1xx_DFP\1.1.0\Device\Include

<h2>Collection of Component Files used:</h2>
Build Time Elapsed:  00:00:07
</pre>
</body>
</html>
