Component: ARM Compiler 6.14 Tool: armlink [5db06800]

==============================================================================

Section Cross References

    startup_stm32f10x_hd.o(RESET) refers to startup_stm32f10x_hd.o(STACK) for __initial_sp
    startup_stm32f10x_hd.o(RESET) refers to startup_stm32f10x_hd.o(.text) for Reset_Handler
    startup_stm32f10x_hd.o(RESET) refers to stm32f10x_it.o(.text.NMI_Handler) for NMI_Handler
    startup_stm32f10x_hd.o(RESET) refers to stm32f10x_it.o(.text.HardFault_Handler) for HardFault_Handler
    startup_stm32f10x_hd.o(RESET) refers to stm32f10x_it.o(.text.MemManage_Handler) for MemManage_Handler
    startup_stm32f10x_hd.o(RESET) refers to stm32f10x_it.o(.text.BusFault_Handler) for BusFault_Handler
    startup_stm32f10x_hd.o(RESET) refers to stm32f10x_it.o(.text.UsageFault_Handler) for UsageFault_Handler
    startup_stm32f10x_hd.o(RESET) refers to stm32f10x_it.o(.text.SVC_Handler) for SVC_Handler
    startup_stm32f10x_hd.o(RESET) refers to stm32f10x_it.o(.text.DebugMon_Handler) for DebugMon_Handler
    startup_stm32f10x_hd.o(RESET) refers to stm32f10x_it.o(.text.PendSV_Handler) for PendSV_Handler
    startup_stm32f10x_hd.o(RESET) refers to systick_book.o(.text.SysTick_Handler) for SysTick_Handler
    startup_stm32f10x_hd.o(RESET) refers to exit_book.o(.text.EXTI0_IRQHandler) for EXTI0_IRQHandler
    startup_stm32f10x_hd.o(RESET) refers to adc_book.o(.text.ADC1_2_IRQHandler) for ADC1_2_IRQHandler
    startup_stm32f10x_hd.o(RESET) refers to usart_book.o(.text.USART1_IRQHandler) for USART1_IRQHandler
    startup_stm32f10x_hd.o(RESET) refers to exit_book.o(.text.EXTI15_10_IRQHandler) for EXTI15_10_IRQHandler
    startup_stm32f10x_hd.o(.text) refers to system_stm32f10x.o(.text.SystemInit) for SystemInit
    startup_stm32f10x_hd.o(.text) refers to entry.o(.ARM.Collect$$$$00000000) for __main
    system_stm32f10x.o(.ARM.exidx.text.SystemInit) refers to system_stm32f10x.o(.text.SystemInit) for [Anonymous Symbol]
    system_stm32f10x.o(.text.SystemCoreClockUpdate) refers to system_stm32f10x.o(.data.SystemCoreClock) for SystemCoreClock
    system_stm32f10x.o(.text.SystemCoreClockUpdate) refers to system_stm32f10x.o(.rodata.AHBPrescTable) for AHBPrescTable
    system_stm32f10x.o(.ARM.exidx.text.SystemCoreClockUpdate) refers to system_stm32f10x.o(.text.SystemCoreClockUpdate) for [Anonymous Symbol]
    misc.o(.ARM.exidx.text.NVIC_PriorityGroupConfig) refers to misc.o(.text.NVIC_PriorityGroupConfig) for [Anonymous Symbol]
    misc.o(.ARM.exidx.text.NVIC_Init) refers to misc.o(.text.NVIC_Init) for [Anonymous Symbol]
    misc.o(.ARM.exidx.text.NVIC_SetVectorTable) refers to misc.o(.text.NVIC_SetVectorTable) for [Anonymous Symbol]
    misc.o(.ARM.exidx.text.NVIC_SystemLPConfig) refers to misc.o(.text.NVIC_SystemLPConfig) for [Anonymous Symbol]
    misc.o(.ARM.exidx.text.SysTick_CLKSourceConfig) refers to misc.o(.text.SysTick_CLKSourceConfig) for [Anonymous Symbol]
    stm32f10x_adc.o(.text.ADC_DeInit) refers to stm32f10x_rcc.o(.text.RCC_APB2PeriphResetCmd) for RCC_APB2PeriphResetCmd
    stm32f10x_adc.o(.ARM.exidx.text.ADC_DeInit) refers to stm32f10x_adc.o(.text.ADC_DeInit) for [Anonymous Symbol]
    stm32f10x_adc.o(.ARM.exidx.text.ADC_Init) refers to stm32f10x_adc.o(.text.ADC_Init) for [Anonymous Symbol]
    stm32f10x_adc.o(.ARM.exidx.text.ADC_StructInit) refers to stm32f10x_adc.o(.text.ADC_StructInit) for [Anonymous Symbol]
    stm32f10x_adc.o(.ARM.exidx.text.ADC_Cmd) refers to stm32f10x_adc.o(.text.ADC_Cmd) for [Anonymous Symbol]
    stm32f10x_adc.o(.ARM.exidx.text.ADC_DMACmd) refers to stm32f10x_adc.o(.text.ADC_DMACmd) for [Anonymous Symbol]
    stm32f10x_adc.o(.ARM.exidx.text.ADC_ITConfig) refers to stm32f10x_adc.o(.text.ADC_ITConfig) for [Anonymous Symbol]
    stm32f10x_adc.o(.ARM.exidx.text.ADC_ResetCalibration) refers to stm32f10x_adc.o(.text.ADC_ResetCalibration) for [Anonymous Symbol]
    stm32f10x_adc.o(.ARM.exidx.text.ADC_GetResetCalibrationStatus) refers to stm32f10x_adc.o(.text.ADC_GetResetCalibrationStatus) for [Anonymous Symbol]
    stm32f10x_adc.o(.ARM.exidx.text.ADC_StartCalibration) refers to stm32f10x_adc.o(.text.ADC_StartCalibration) for [Anonymous Symbol]
    stm32f10x_adc.o(.ARM.exidx.text.ADC_GetCalibrationStatus) refers to stm32f10x_adc.o(.text.ADC_GetCalibrationStatus) for [Anonymous Symbol]
    stm32f10x_adc.o(.ARM.exidx.text.ADC_SoftwareStartConvCmd) refers to stm32f10x_adc.o(.text.ADC_SoftwareStartConvCmd) for [Anonymous Symbol]
    stm32f10x_adc.o(.ARM.exidx.text.ADC_GetSoftwareStartConvStatus) refers to stm32f10x_adc.o(.text.ADC_GetSoftwareStartConvStatus) for [Anonymous Symbol]
    stm32f10x_adc.o(.ARM.exidx.text.ADC_DiscModeChannelCountConfig) refers to stm32f10x_adc.o(.text.ADC_DiscModeChannelCountConfig) for [Anonymous Symbol]
    stm32f10x_adc.o(.ARM.exidx.text.ADC_DiscModeCmd) refers to stm32f10x_adc.o(.text.ADC_DiscModeCmd) for [Anonymous Symbol]
[...]
    _printf_lli                              0x00000000   Number         0  printfstubs.o ABSOLUTE
    _printf_llo                              0x00000000   Number         0  printfstubs.o ABSOLUTE
    _printf_llu                              0x00000000   Number         0  printfstubs.o ABSOLUTE
    _printf_llx                              0x00000000   Number         0  printfstubs.o ABSOLUTE
    _printf_longlong_dec                     0x00000000   Number         0  printfstubs.o ABSOLUTE
    _printf_longlong_hex                     0x00000000   Number         0  printfstubs.o ABSOLUTE
    _printf_longlong_oct                     0x00000000   Number         0  printfstubs.o ABSOLUTE
    _printf_ls                               0x00000000   Number         0  printfstubs.o ABSOLUTE
    _printf_mbtowc                           0x00000000   Number         0  printfstubs.o ABSOLUTE
    _printf_n                                0x00000000   Number         0  printfstubs.o ABSOLUTE
    _printf_o                                0x00000000   Number         0  printfstubs.o ABSOLUTE
    _printf_p                                0x00000000   Number         0  printfstubs.o ABSOLUTE
    _printf_percent                          0x00000000   Number         0  printfstubs.o ABSOLUTE
    _printf_pre_padding                      0x00000000   Number         0  printfstubs.o ABSOLUTE
    _printf_return_value                     0x00000000   Number         0  printfstubs.o ABSOLUTE
    _printf_s                                0x00000000   Number         0  printfstubs.o ABSOLUTE
    _printf_sizespec                         0x00000000   Number         0  printfstubs.o ABSOLUTE
    _printf_str                              0x00000000   Number         0  printfstubs.o ABSOLUTE
    _printf_truncate_signed                  0x00000000   Number         0  printfstubs.o ABSOLUTE
    _printf_truncate_unsigned                0x00000000   Number         0  printfstubs.o ABSOLUTE
    _printf_u                                0x00000000   Number         0  printfstubs.o ABSOLUTE
    _printf_wc                               0x00000000   Number         0  printfstubs.o ABSOLUTE
    _printf_wctomb                           0x00000000   Number         0  printfstubs.o ABSOLUTE
    _printf_widthprec                        0x00000000   Number         0  printfstubs.o ABSOLUTE
    _printf_x                                0x00000000   Number         0  printfstubs.o ABSOLUTE
    __cpp_initialize__aeabi_                  - Undefined Weak Reference
    __cxa_finalize                            - Undefined Weak Reference
    _clock_init                               - Undefined Weak Reference
    _microlib_exit                            - Undefined Weak Reference
    __Vectors_Size                           0x00000130   Number         0  startup_stm32f10x_hd.o ABSOLUTE
    __Vectors                                0x08000000   Data           4  startup_stm32f10x_hd.o(RESET)
    __Vectors_End                            0x08000130   Data           0  startup_stm32f10x_hd.o(RESET)
    __main                                   0x08000131   Thumb Code     0  entry.o(.ARM.Collect$$$$00000000)
    _main_stk                                0x08000131   Thumb Code     0  entry2.o(.ARM.Collect$$$$00000001)
    _main_scatterload                        0x08000135   Thumb Code     0  entry5.o(.ARM.Collect$$$$00000004)
    __main_after_scatterload                 0x08000139   Thumb Code     0  entry5.o(.ARM.Collect$$$$00000004)
    _main_clock                              0x08000139   Thumb Code     0  entry7b.o(.ARM.Collect$$$$00000008)
    _main_cpp_init                           0x08000139   Thumb Code     0  entry8b.o(.ARM.Collect$$$$0000000A)
    _main_init                               0x08000139   Thumb Code     0  entry9a.o(.ARM.Collect$$$$0000000B)
    __rt_final_cpp                           0x08000141   Thumb Code     0  entry10a.o(.ARM.Collect$$$$0000000D)
    __rt_final_exit                          0x08000141   Thumb Code     0  entry11a.o(.ARM.Collect$$$$0000000F)
    Reset_Handler                            0x08000145   Thumb Code     8  startup_stm32f10x_hd.o(.text)
    ADC3_IRQHandler                          0x0800015f   Thumb Code     0  startup_stm32f10x_hd.o(.text)
    CAN1_RX1_IRQHandler                      0x0800015f   Thumb Code     0  startup_stm32f10x_hd.o(.text)
    CAN1_SCE_IRQHandler                      0x0800015f   Thumb Code     0  startup_stm32f10x_hd.o(.text)
    DMA1_Channel1_IRQHandler                 0x0800015f   Thumb Code     0  startup_stm32f10x_hd.o(.text)
    DMA1_Channel2_IRQHandler                 0x0800015f   Thumb Code     0  startup_stm32f10x_hd.o(.text)
    DMA1_Channel3_IRQHandler                 0x0800015f   Thumb Code     0  startup_stm32f10x_hd.o(.text)
    DMA1_Channel4_IRQHandler                 0x0800015f   Thumb Code     0  startup_stm32f10x_hd.o(.text)
    DMA1_Channel5_IRQHandler                 0x0800015f   Thumb Code     0  startup_stm32f10x_hd.o(.text)
    DMA1_Channel6_IRQHandler                 0x0800015f   Thumb Code     0  startup_stm32f10x_hd.o(.text)
    DMA1_Channel7_IRQHandler                 0x0800015f   Thumb Code     0  startup_stm32f10x_hd.o(.text)
    DMA2_Channel1_IRQHandler                 0x0800015f   Thumb Code     0  startup_stm32f10x_hd.o(.text)
    DMA2_Channel2_IRQHandler                 0x0800015f   Thumb Code     0  startup_stm32f10x_hd.o(.text)
    DMA2_Channel3_IRQHandler                 0x0800015f   Thumb Code     0  startup_stm32f10x_hd.o(.text)
    DMA2_Channel4_5_IRQHandler               0x0800015f   Thumb Code     0  startup_stm32f10x_hd.o(.text)
    EXTI1_IRQHandler                         0x0800015f   Thumb Code     0  startup_stm32f10x_hd.o(.text)
    EXTI2_IRQHandler                         0x0800015f   Thumb Code     0  startup_stm32f10x_hd.o(.text)
    EXTI3_IRQHandler                         0x0800015f   Thumb Code     0  startup_stm32f10x_hd.o(.text)
    EXTI4_IRQHandler                         0x0800015f   Thumb Code     0  startup_stm32f10x_hd.o(.text)
    EXTI9_5_IRQHandler                       0x0800015f   Thumb Code     0  startup_stm32f10x_hd.o(.text)
    FLASH_IRQHandler                         0x0800015f   Thumb Code     0  startup_stm32f10x_hd.o(.text)
    FSMC_IRQHandler                          0x0800015f   Thumb Code     0  startup_stm32f10x_hd.o(.text)
    I2C1_ER_IRQHandler                       0x0800015f   Thumb Code     0  startup_stm32f10x_hd.o(.text)
    I2C1_EV_IRQHandler                       0x0800015f   Thumb Code     0  startup_stm32f10x_hd.o(.text)
    I2C2_ER_IRQHandler                       0x0800015f   Thumb Code     0  startup_stm32f10x_hd.o(.text)
    I2C2_EV_IRQHandler                       0x0800015f   Thumb Code     0  startup_stm32f10x_hd.o(.text)
    PVD_IRQHandler                           0x0800015f   Thumb Code     0  startup_stm32f10x_hd.o(.text)
    RCC_IRQHandler                           0x0800015f   Thumb Code     0  startup_stm32f10x_hd.o(.text)
    RTCAlarm_IRQHandler                      0x0800015f   Thumb Code     0  startup_stm32f10x_hd.o(.text)
    RTC_IRQHandler                           0x0800015f   Thumb Code     0  startup_stm32f10x_hd.o(.text)
    SDIO_IRQHandler                          0x0800015f   Thumb Code     0  startup_stm32f10x_hd.o(.text)
    SPI1_IRQHandler                          0x0800015f   Thumb Code     0  startup_stm32f10x_hd.o(.text)
    SPI2_IRQHandler                          0x0800015f   Thumb Code     0  startup_stm32f10x_hd.o(.text)
    SPI3_IRQHandler                          0x0800015f   Thumb Code     0  startup_stm32f10x_hd.o(.text)
    TAMPER_IRQHandler                        0x0800015f   Thumb Code     0  startup_stm32f10x_hd.o(.text)
    TIM1_BRK_IRQHandler                      0x0800015f   Thumb Code     0  startup_stm32f10x_hd.o(.text)
    TIM1_CC_IRQHandler                       0x0800015f   Thumb Code     0  startup_stm32f10x_hd.o(.text)
    TIM1_TRG_COM_IRQHandler                  0x0800015f   Thumb Code     0  startup_stm32f10x_hd.o(.text)
    TIM1_UP_IRQHandler                       0x0800015f   Thumb Code     0  startup_stm32f10x_hd.o(.text)
    TIM2_IRQHandler                          0x0800015f   Thumb Code     0  startup_stm32f10x_hd.o(.text)
    TIM3_IRQHandler                          0x0800015f   Thumb Code     0  startup_stm32f10x_hd.o(.text)
    TIM4_IRQHandler                          0x0800015f   Thumb Code     0  startup_stm32f10x_hd.o(.text)
    TIM5_IRQHandler                          0x0800015f   Thumb Code     0  startup_stm32f10x_hd.o(.text)
    TIM6_IRQHandler                          0x0800015f   Thumb Code     0  startup_stm32f10x_hd.o(.text)
    TIM7_IRQHandler                          0x0800015f   Thumb Code     0  startup_stm32f10x_hd.o(.text)
    TIM8_BRK_IRQHandler                      0x0800015f   Thumb Code     0  startup_stm32f10x_hd.o(.text)
    TIM8_CC_IRQHandler                       0x0800015f   Thumb Code     0  startup_stm32f10x_hd.o(.text)
    TIM8_TRG_COM_IRQHandler                  0x0800015f   Thumb Code     0  startup_stm32f10x_hd.o(.text)
    TIM8_UP_IRQHandler                       0x0800015f   Thumb Code     0  startup_stm32f10x_hd.o(.text)
    UART4_IRQHandler                         0x0800015f   Thumb Code     0  startup_stm32f10x_hd.o(.text)
    UART5_IRQHandler                         0x0800015f   Thumb Code     0  startup_stm32f10x_hd.o(.text)
    USART2_IRQHandler                        0x0800015f   Thumb Code     0  startup_stm32f10x_hd.o(.text)
    USART3_IRQHandler                        0x0800015f   Thumb Code     0  startup_stm32f10x_hd.o(.text)
    USBWakeUp_IRQHandler                     0x0800015f   Thumb Code     0  startup_stm32f10x_hd.o(.text)
    USB_HP_CAN1_TX_IRQHandler                0x0800015f   Thumb Code     0  startup_stm32f10x_hd.o(.text)
    USB_LP_CAN1_RX0_IRQHandler               0x0800015f   Thumb Code     0  startup_stm32f10x_hd.o(.text)
    WWDG_IRQHandler                          0x0800015f   Thumb Code     0  startup_stm32f10x_hd.o(.text)
    __aeabi_memset                           0x08000169   Thumb Code    14  memseta.o(.text)
    __aeabi_memset4                          0x08000169   Thumb Code     0  memseta.o(.text)
    __aeabi_memset8                          0x08000169   Thumb Code     0  memseta.o(.text)
    __aeabi_memclr                           0x08000177   Thumb Code     4  memseta.o(.text)
    __aeabi_memclr4                          0x08000177   Thumb Code     0  memseta.o(.text)
    __aeabi_memclr8                          0x08000177   Thumb Code     0  memseta.o(.text)
    _memset$wrapper                          0x0800017b   Thumb Code    18  memseta.o(.text)
    strlen                                   0x0800018d   Thumb Code    14  strlen.o(.text)
    strcpy                                   0x0800019b   Thumb Code    18  strcpy.o(.text)
    __aeabi_fadd                             0x080001ad   Thumb Code   164  fadd.o(.text)
    __aeabi_fsub                             0x08000251   Thumb Code     6  fadd.o(.text)
    __aeabi_frsub                            0x08000257   Thumb Code     6  fadd.o(.text)
    __aeabi_fmul                             0x0800025d   Thumb Code   100  fmul.o(.text)
    __aeabi_fdiv                             0x080002c1   Thumb Code   124  fdiv.o(.text)
    __aeabi_i2f                              0x0800033d   Thumb Code    18  fflti.o(.text)
    __aeabi_f2iz                             0x0800034f   Thumb Code    50  ffixi.o(.text)
    __aeabi_f2d                              0x08000381   Thumb Code    38  f2d.o(.text)
    __aeabi_uidiv                            0x080003a7   Thumb Code     0  uidiv.o(.text)
    __aeabi_uidivmod                         0x080003a7   Thumb Code    44  uidiv.o(.text)
    __aeabi_uldivmod                         0x080003d3   Thumb Code    98  uldiv.o(.text)
    __I$use$fp                               0x08000435   Thumb Code     0  iusefp.o(.text)
    _float_round                             0x08000435   Thumb Code    18  fepilogue.o(.text)
    _float_epilogue                          0x08000447   Thumb Code    92  fepilogue.o(.text)
    __aeabi_dadd                             0x080004a3   Thumb Code   322  dadd.o(.text)
    __aeabi_dsub                             0x080005e5   Thumb Code     6  dadd.o(.text)
    __aeabi_drsub                            0x080005eb   Thumb Code     6  dadd.o(.text)
    __aeabi_dmul                             0x080005f1   Thumb Code   228  dmul.o(.text)
    __aeabi_ddiv                             0x080006d5   Thumb Code   222  ddiv.o(.text)
    __aeabi_d2ulz                            0x080007b3   Thumb Code    48  dfixul.o(.text)
    __aeabi_cdrcmple                         0x080007e5   Thumb Code    48  cdrcmple.o(.text)
    __scatterload                            0x08000815   Thumb Code    28  init.o(.text)
    __scatterload_rt2                        0x08000815   Thumb Code     0  init.o(.text)
    __aeabi_llsl                             0x08000839   Thumb Code    30  llshl.o(.text)
    _ll_shift_l                              0x08000839   Thumb Code     0  llshl.o(.text)
    __aeabi_llsr                             0x08000857   Thumb Code    32  llushr.o(.text)
    _ll_ushift_r                             0x08000857   Thumb Code     0  llushr.o(.text)
    __aeabi_lasr                             0x08000877   Thumb Code    36  llsshr.o(.text)
    _ll_sshift_r                             0x08000877   Thumb Code     0  llsshr.o(.text)
    _double_round                            0x0800089b   Thumb Code    30  depilogue.o(.text)
    _double_epilogue                         0x080008b9   Thumb Code   156  depilogue.o(.text)
    __decompress                             0x08000955   Thumb Code     0  __dczerorl2.o(.text)
    __decompress1                            0x08000955   Thumb Code    86  __dczerorl2.o(.text)
    ADC1_2_IRQHandler                        0x080009ad   Thumb Code    52  adc_book.o(.text.ADC1_2_IRQHandler)
    ADC_ClearITPendingBit                    0x080009e1   Thumb Code     8  stm32f10x_adc.o(.text.ADC_ClearITPendingBit)
    ADC_GetConversionValue                   0x080009e9   Thumb Code     6  stm32f10x_adc.o(.text.ADC_GetConversionValue)
    ADC_GetITStatus                          0x080009ef   Thumb Code    28  stm32f10x_adc.o(.text.ADC_GetITStatus)
    BusFault_Handler                         0x08000a0b   Thumb Code     2  stm32f10x_it.o(.text.BusFault_Handler)
    DMA_Cmd                                  0x08000a75   Thumb Code    24  stm32f10x_dma.o(.text.DMA_Cmd)
    DMA_GetFlagStatus                        0x08000a8d   Thumb Code    24  stm32f10x_dma.o(.text.DMA_GetFlagStatus)
    DMA_Init                                 0x08000aa5   Thumb Code    70  stm32f10x_dma.o(.text.DMA_Init)
    DebugMon_Handler                         0x08000aeb   Thumb Code     2  stm32f10x_it.o(.text.DebugMon_Handler)
    Display_Char_test                        0x08000aed   Thumb Code   104  lcd_pagehtml_book.o(.text.Display_Char_test)
    Display_LCD_clear                        0x08000b55   Thumb Code    40  lcd_pagehtml_book.o(.text.Display_LCD_clear)
    Draw_Trail                               0x08000f95   Thumb Code   288  xpt2046_lcd_device_book.o(.text.Draw_Trail)
    EXTI0_IRQHandler                         0x080011b9   Thumb Code    64  exit_book.o(.text.EXTI0_IRQHandler)
    EXTI15_10_IRQHandler                     0x080011f9   Thumb Code    56  exit_book.o(.text.EXTI15_10_IRQHandler)
    EXTI_ClearITPendingBit                   0x08001231   Thumb Code    12  stm32f10x_exti.o(.text.EXTI_ClearITPendingBit)
    EXTI_GetITStatus                         0x0800123d   Thumb Code    24  stm32f10x_exti.o(.text.EXTI_GetITStatus)
    EXTI_Init                                0x08001255   Thumb Code    96  stm32f10x_exti.o(.text.EXTI_Init)
    FLASH_PrefetchBufferCmd                  0x080012b5   Thumb Code    20  stm32f10x_flash.o(.text.FLASH_PrefetchBufferCmd)
    FLASH_SetLatency                         0x080012c9   Thumb Code    20  stm32f10x_flash.o(.text.FLASH_SetLatency)
    FSMC_NORSRAMCmd                          0x080012dd   Thumb Code    36  stm32f10x_fsmc.o(.text.FSMC_NORSRAMCmd)
    FSMC_NORSRAMInit                         0x08001301   Thumb Code   176  stm32f10x_fsmc.o(.text.FSMC_NORSRAMInit)
    FatFs_Close_flash                        0x080013b1   Thumb Code    32  fatfs_book.o(.text.FatFs_Close_flash)
    FatFs_document_Text                      0x080013d1   Thumb Code   280  fatfs_book.o(.text.FatFs_document_Text)
    FatFs_document_set_content               0x080014e9   Thumb Code   244  fatfs_book.o(.text.FatFs_document_set_content)
    FatFs_equipment_flash                    0x080015dd   Thumb Code   328  fatfs_book.o(.text.FatFs_equipment_flash)
    GPIO_EXTILineConfig                      0x08001725   Thumb Code    40  stm32f10x_gpio.o(.text.GPIO_EXTILineConfig)
    GPIO_Init                                0x0800174d   Thumb Code   180  stm32f10x_gpio.o(.text.GPIO_Init)
    GPIO_ReadInputDataBit                    0x08001801   Thumb Code    10  stm32f10x_gpio.o(.text.GPIO_ReadInputDataBit)
    GPIO_ReadOutputDataBit                   0x0800180b   Thumb Code    10  stm32f10x_gpio.o(.text.GPIO_ReadOutputDataBit)
    GPIO_ResetBits                           0x08001815   Thumb Code     4  stm32f10x_gpio.o(.text.GPIO_ResetBits)
    GPIO_SetBits                             0x08001819   Thumb Code     4  stm32f10x_gpio.o(.text.GPIO_SetBits)
    GetGBKCode_from_EXFlash                  0x0800181d   Thumb Code    72  fonts.o(.text.GetGBKCode_from_EXFlash)
    HardFault_Handler                        0x08001865   Thumb Code     2  stm32f10x_it.o(.text.HardFault_Handler)
    I2C_AcknowledgeConfig                    0x08001867   Thumb Code    18  stm32f10x_i2c.o(.text.I2C_AcknowledgeConfig)
    I2C_CheckEvent                           0x08001879   Thumb Code    22  stm32f10x_i2c.o(.text.I2C_CheckEvent)
    I2C_ClearFlag                            0x0800188f   Thumb Code     6  stm32f10x_i2c.o(.text.I2C_ClearFlag)
    I2C_Cmd                                  0x08001895   Thumb Code    18  stm32f10x_i2c.o(.text.I2C_Cmd)
    I2C_GenerateSTART                        0x080018f5   Thumb Code    18  stm32f10x_i2c.o(.text.I2C_GenerateSTART)
    I2C_GenerateSTOP                         0x08001907   Thumb Code    18  stm32f10x_i2c.o(.text.I2C_GenerateSTOP)
    I2C_GetFlagStatus                        0x08001919   Thumb Code    52  stm32f10x_i2c.o(.text.I2C_GetFlagStatus)
    I2C_Init                                 0x0800194d   Thumb Code   188  stm32f10x_i2c.o(.text.I2C_Init)
    I2C_ReadRegister                         0x08001a09   Thumb Code    22  stm32f10x_i2c.o(.text.I2C_ReadRegister)
    I2C_Read_fun                             0x08001a21   Thumb Code   508  i2c_book.o(.text.I2C_Read_fun)
    I2C_ReceiveData                          0x08001c1d   Thumb Code     6  stm32f10x_i2c.o(.text.I2C_ReceiveData)
    I2C_Send7bitAddress                      0x08001c23   Thumb Code    16  stm32f10x_i2c.o(.text.I2C_Send7bitAddress)
    I2C_SendData                             0x08001c89   Thumb Code     4  stm32f10x_i2c.o(.text.I2C_SendData)
    I2C_Soft_Init                            0x08001c8d   Thumb Code    20  i2c_soft_book.o(.text.I2C_Soft_Init)
    I2C_Soft_Read_fun                        0x08001ca1   Thumb Code   420  i2c_soft_book.o(.text.I2C_Soft_Read_fun)
    I2C_Soft_Write_fun                       0x08001e45   Thumb Code   176  i2c_soft_book.o(.text.I2C_Soft_Write_fun)
    I2C_Write_fun                            0x08001fad   Thumb Code   412  i2c_book.o(.text.I2C_Write_fun)
    ILI9341_BackLed_Control                  0x08002149   Thumb Code    24  lcd_book.o(.text.ILI9341_BackLed_Control)
    ILI9341_Clear                            0x08002161   Thumb Code    28  lcd_draw_book.o(.text.ILI9341_Clear)
    ILI9341_Delay                            0x0800217d   Thumb Code    18  lcd_book.o(.text.ILI9341_Delay)
    ILI9341_DispChar_CH                      0x08002191   Thumb Code   120  lcd_draw_book.o(.text.ILI9341_DispChar_CH)
    ILI9341_DispChar_EN                      0x08002209   Thumb Code   128  lcd_draw_book.o(.text.ILI9341_DispChar_EN)
    ILI9341_DispStringLine_EN                0x08002289   Thumb Code   104  lcd_draw_book.o(.text.ILI9341_DispStringLine_EN)
    ILI9341_DispStringLine_EN_CH             0x080022f1   Thumb Code   168  lcd_draw_book.o(.text.ILI9341_DispStringLine_EN_CH)
    ILI9341_DispString_CH                    0x08002399   Thumb Code    84  lcd_draw_book.o(.text.ILI9341_DispString_CH)
    ILI9341_DispString_EN_CH                 0x080023ed   Thumb Code   172  lcd_draw_book.o(.text.ILI9341_DispString_EN_CH)
    ILI9341_DisplayStringEx                  0x08002499   Thumb Code   208  lcd_draw_book.o(.text.ILI9341_DisplayStringEx)
    ILI9341_DrawChar_Ex                      0x08002569   Thumb Code    92  lcd_draw_book.o(.text.ILI9341_DrawChar_Ex)
    ILI9341_DrawCircle                       0x080025c5   Thumb Code   396  lcd_draw_book.o(.text.ILI9341_DrawCircle)
    ILI9341_DrawCross                        0x08002751   Thumb Code    52  lcd_draw_book.o(.text.ILI9341_DrawCross)
    ILI9341_DrawLine                         0x08002785   Thumb Code   158  lcd_draw_book.o(.text.ILI9341_DrawLine)
    ILI9341_DrawRectangle                    0x08002825   Thumb Code   132  lcd_draw_book.o(.text.ILI9341_DrawRectangle)
    ILI9341_GetPointPixel                    0x080028c5   Thumb Code    52  lcd_draw_book.o(.text.ILI9341_GetPointPixel)
    ILI9341_GramScan                         0x080028f9   Thumb Code   128  lcd_book.o(.text.ILI9341_GramScan)
    ILI9341_Init                             0x08002979   Thumb Code   796  lcd_book.o(.text.ILI9341_Init)
    ILI9341_OpenWindow                       0x08002c95   Thumb Code    84  lcd_draw_book.o(.text.ILI9341_OpenWindow)
    ILI9341_Read_Data                        0x08002ce9   Thumb Code     8  lcd_book.o(.text.ILI9341_Read_Data)
    ILI9341_Rst                              0x08002cf1   Thumb Code    48  lcd_book.o(.text.ILI9341_Rst)
    ILI9341_SetPointPixel                    0x08002d29   Thumb Code    44  lcd_draw_book.o(.text.ILI9341_SetPointPixel)
    ILI9341_Write_Cmd                        0x08002d55   Thumb Code     8  lcd_book.o(.text.ILI9341_Write_Cmd)
    ILI9341_Write_Data                       0x08002d5d   Thumb Code     8  lcd_book.o(.text.ILI9341_Write_Data)
    ILI9341_zoomChar                         0x08002d65   Thumb Code   212  lcd_draw_book.o(.text.ILI9341_zoomChar)
    LCD_DrawUniLineCircle                    0x08002e39   Thumb Code   244  lcd_draw_book.o(.text.LCD_DrawUniLineCircle)
    LCD_GetFont                              0x08002f2d   Thumb Code     8  lcd_draw_book.o(.text.LCD_GetFont)
    LCD_SetBackColor                         0x08002f35   Thumb Code     8  lcd_draw_book.o(.text.LCD_SetBackColor)
    LCD_SetColors                            0x08002f3d   Thumb Code     8  lcd_draw_book.o(.text.LCD_SetColors)
    LCD_SetFont                              0x08002f45   Thumb Code     8  lcd_draw_book.o(.text.LCD_SetFont)
    LCD_SetForeColor                         0x08002f4d   Thumb Code     8  lcd_draw_book.o(.text.LCD_SetForeColor)
    LCD_SetTextColor                         0x08002f55   Thumb Code     8  lcd_draw_book.o(.text.LCD_SetTextColor)
    Lcd_display_String                       0x08002f5d   Thumb Code   108  lcd_draw_book.o(.text.Lcd_display_String)
    MemManage_Handler                        0x08002fc9   Thumb Code     2  stm32f10x_it.o(.text.MemManage_Handler)
    NMI_Handler                              0x08002fcb   Thumb Code     2  stm32f10x_it.o(.text.NMI_Handler)
    NVIC_Init                                0x08002fcd   Thumb Code    80  misc.o(.text.NVIC_Init)
    NVIC_PriorityGroupConfig                 0x0800301d   Thumb Code    20  misc.o(.text.NVIC_PriorityGroupConfig)
    Palette_Init                             0x08003031   Thumb Code   444  xpt2046_lcd_device_book.o(.text.Palette_Init)
    PendSV_Handler                           0x080031ed   Thumb Code     2  stm32f10x_it.o(.text.PendSV_Handler)
    RCC_AHBPeriphClockCmd                    0x080031f1   Thumb Code    24  stm32f10x_rcc.o(.text.RCC_AHBPeriphClockCmd)
    RCC_APB1PeriphClockCmd                   0x08003209   Thumb Code    24  stm32f10x_rcc.o(.text.RCC_APB1PeriphClockCmd)
    RCC_APB2PeriphClockCmd                   0x08003221   Thumb Code    24  stm32f10x_rcc.o(.text.RCC_APB2PeriphClockCmd)
    RCC_DeInit                               0x08003239   Thumb Code    60  stm32f10x_rcc.o(.text.RCC_DeInit)
    RCC_GetClocksFreq                        0x08003275   Thumb Code   116  stm32f10x_rcc.o(.text.RCC_GetClocksFreq)
    RCC_GetFlagStatus                        0x080032e9   Thumb Code    36  stm32f10x_rcc.o(.text.RCC_GetFlagStatus)
    RCC_GetSYSCLKSource                      0x0800330d   Thumb Code    12  stm32f10x_rcc.o(.text.RCC_GetSYSCLKSource)
    RCC_HCLKConfig                           0x08003319   Thumb Code    16  stm32f10x_rcc.o(.text.RCC_HCLKConfig)
    RCC_HSEConfig                            0x08003329   Thumb Code    44  stm32f10x_rcc.o(.text.RCC_HSEConfig)
    RCC_PCLK1Config                          0x08003355   Thumb Code    16  stm32f10x_rcc.o(.text.RCC_PCLK1Config)
    RCC_PCLK2Config                          0x08003365   Thumb Code    16  stm32f10x_rcc.o(.text.RCC_PCLK2Config)
    RCC_PLLCmd                               0x08003375   Thumb Code    12  stm32f10x_rcc.o(.text.RCC_PLLCmd)
    RCC_PLLConfig                            0x08003381   Thumb Code    16  stm32f10x_rcc.o(.text.RCC_PLLConfig)
    RCC_SYSCLKConfig                         0x08003391   Thumb Code    20  stm32f10x_rcc.o(.text.RCC_SYSCLKConfig)
    RCC_WaitForHSEStartUp                    0x080033a5   Thumb Code    44  stm32f10x_rcc.o(.text.RCC_WaitForHSEStartUp)
    SPI_BufferWrite_Data                     0x080033d1   Thumb Code   132  spi_book.o(.text.SPI_BufferWrite_Data)
    SPI_Cmd                                  0x08003455   Thumb Code    18  stm32f10x_spi.o(.text.SPI_Cmd)
    SPI_Erase_Sector                         0x08003469   Thumb Code    48  spi_book.o(.text.SPI_Erase_Sector)
    SPI_FLASH_Init                           0x08003499   Thumb Code   160  spi_book.o(.text.SPI_FLASH_Init)
    SPI_Flash_WAKEUP                         0x080035a5   Thumb Code    20  spi_book.o(.text.SPI_Flash_WAKEUP)
    SPI_I2S_GetFlagStatus                    0x080035b9   Thumb Code    10  stm32f10x_spi.o(.text.SPI_I2S_GetFlagStatus)
    SPI_I2S_ReceiveData                      0x080035c3   Thumb Code     4  stm32f10x_spi.o(.text.SPI_I2S_ReceiveData)
    SPI_I2S_SendData                         0x080035c7   Thumb Code     4  stm32f10x_spi.o(.text.SPI_I2S_SendData)
    SPI_Init                                 0x080035cb   Thumb Code    54  stm32f10x_spi.o(.text.SPI_Init)
    SPI_Read_Data                            0x08003601   Thumb Code    68  spi_book.o(.text.SPI_Read_Data)
    SPI_Read_ID                              0x08003645   Thumb Code    52  spi_book.o(.text.SPI_Read_ID)
    SPI_Show_Data                            0x08003679   Thumb Code    60  spi_book.o(.text.SPI_Show_Data)
    SPI_StructInit                           0x080036b5   Thumb Code    16  stm32f10x_spi.o(.text.SPI_StructInit)
    SPI_Write_Data                           0x0800371d   Thumb Code   132  spi_book.o(.text.SPI_Write_Data)
    SRAM_Init                                0x080037b9   Thumb Code   664  sram_book.o(.text.SRAM_Init)
    SRAM_Test                                0x08003a51   Thumb Code   276  sram_book.o(.text.SRAM_Test)
    SRAM_Write                               0x08003b65   Thumb Code   124  sram_book.o(.text.SRAM_Write)
    SVC_Handler                              0x08003be1   Thumb Code     2  stm32f10x_it.o(.text.SVC_Handler)
    Scan_file_Check                          0x08003be5   Thumb Code    68  fatfs_book.o(.text.Scan_file_Check)
    SysTick_Handler                          0x08003c29   Thumb Code     4  systick_book.o(.text.SysTick_Handler)
    SystemInit                               0x08003c2d   Thumb Code   240  system_stm32f10x.o(.text.SystemInit)
    Touch_Button_Down                        0x08003d1d   Thumb Code    88  xpt2046_lcd_device_book.o(.text.Touch_Button_Down)
    Touch_Button_Up                          0x08003d75   Thumb Code    68  xpt2046_lcd_device_book.o(.text.Touch_Button_Up)
    USART1_IRQHandler                        0x08003db9   Thumb Code    36  usart_book.o(.text.USART1_IRQHandler)
    USART_Cmd                                0x08003ddd   Thumb Code    18  stm32f10x_usart.o(.text.USART_Cmd)
    USART_DMACmd                             0x08003def   Thumb Code    16  stm32f10x_usart.o(.text.USART_DMACmd)
    USART_GetFlagStatus                      0x08003dff   Thumb Code    10  stm32f10x_usart.o(.text.USART_GetFlagStatus)
    USART_GetITStatus                        0x08003e09   Thumb Code    56  stm32f10x_usart.o(.text.USART_GetITStatus)
    USART_ITConfig                           0x08003e41   Thumb Code    44  stm32f10x_usart.o(.text.USART_ITConfig)
    USART_Init                               0x08003e6d   Thumb Code   164  stm32f10x_usart.o(.text.USART_Init)
    USART_ReceiveData                        0x08003f11   Thumb Code     8  stm32f10x_usart.o(.text.USART_ReceiveData)
    USART_SendData                           0x08003f19   Thumb Code     8  stm32f10x_usart.o(.text.USART_SendData)
    UsageFault_Handler                       0x08003f21   Thumb Code     2  stm32f10x_it.o(.text.UsageFault_Handler)
    Usart_SendHalf_32_Word                   0x08003f23   Thumb Code    40  usart_book.o(.text.Usart_SendHalf_32_Word)
    XPT2046_GPIO_Init                        0x08003f61   Thumb Code   112  xpt2046_lcd_book.o(.text.XPT2046_GPIO_Init)
    XPT2046_Get_TouchedPoint                 0x08003fd1   Thumb Code   176  xpt2046_lcd_function_book.o(.text.XPT2046_Get_TouchedPoint)
    XPT2046_ReadAdc_Smooth_XY                0x08004145   Thumb Code   344  xpt2046_lcd_function_book.o(.text.XPT2046_ReadAdc_Smooth_XY)
    XPT2046_ReadAdc_XY                       0x0800429d   Thumb Code    72  xpt2046_lcd_book.o(.text.XPT2046_ReadAdc_XY)
    XPT2046_TouchDetect                      0x080042e5   Thumb Code   124  xpt2046_lcd_function_book.o(.text.XPT2046_TouchDetect)
    XPT2046_TouchDown                        0x08004361   Thumb Code    60  xpt2046_lcd_function_book.o(.text.XPT2046_TouchDown)
    XPT2046_TouchEvenHandler                 0x0800439d   Thumb Code   188  xpt2046_lcd_function_book.o(.text.XPT2046_TouchEvenHandler)
    XPT2046_TouchUp                          0x08004459   Thumb Code    20  xpt2046_lcd_function_book.o(.text.XPT2046_TouchUp)
    XPT2046_Touch_Calibrate                  0x0800446d   Thumb Code   676  xpt2046_lcd_function_book.o(.text.XPT2046_Touch_Calibrate)
    XPT2046_Touch_Calibrate_Page             0x08004711   Thumb Code   576  lcd_pagehtml_book.o(.text.XPT2046_Touch_Calibrate_Page)
    XPT2046_Touch_Calibrate_SetStand4Pint    0x08004951   Thumb Code    60  xpt2046_lcd_function_book.o(.text.XPT2046_Touch_Calibrate_SetStand4Pint)
    _Buffer_Show                             0x0800498d   Thumb Code    28  dma_book.o(.text._Buffer_Show)
    _Buffercmp                               0x080049a9   Thumb Code    30  dma_book.o(.text._Buffercmp)
    _DMA_Config                              0x080049c7   Thumb Code    86  dma_book.o(.text._DMA_Config)
    _DMA_RAM_TO_USART                        0x08004a1d   Thumb Code   160  dma_book.o(.text._DMA_RAM_TO_USART)
    _DMA_ROM_TO_RAM                          0x08004abd   Thumb Code   176  dma_book.o(.text._DMA_ROM_TO_RAM)
    _I2C_EE_Init                             0x08004b6d   Thumb Code   116  i2c_book.o(.text._I2C_EE_Init)
    _USART_DMA_Config                        0x08004be1   Thumb Code    80  dma_book.o(.text._USART_DMA_Config)
    clust2sect                               0x08004ca7   Thumb Code    22  ff.o(.text.clust2sect)
    disk_initialize                          0x0800540f   Thumb Code    28  diskio.o(.text.disk_initialize)
    disk_ioctl                               0x0800542b   Thumb Code    40  diskio.o(.text.disk_ioctl)
    disk_read                                0x08005453   Thumb Code    32  diskio.o(.text.disk_read)
    disk_status                              0x08005475   Thumb Code    28  diskio.o(.text.disk_status)
    disk_write                               0x08005491   Thumb Code    44  diskio.o(.text.disk_write)
    f_close                                  0x080054bd   Thumb Code    28  ff.o(.text.f_close)
    f_closedir                               0x080054d9   Thumb Code    18  ff.o(.text.f_closedir)
    f_getfree                                0x080054eb   Thumb Code   228  ff.o(.text.f_getfree)
    f_lseek                                  0x080055cf   Thumb Code   352  ff.o(.text.f_lseek)
    f_mkdir                                  0x0800572f   Thumb Code   348  ff.o(.text.f_mkdir)
    f_mkfs                                   0x0800588d   Thumb Code  1456  ff.o(.text.f_mkfs)
    f_mount                                  0x08005e3d   Thumb Code    76  ff.o(.text.f_mount)
    f_open                                   0x08005e89   Thumb Code   312  ff.o(.text.f_open)
    f_opendir                                0x08005fc1   Thumb Code    98  ff.o(.text.f_opendir)
    f_printf                                 0x08006025   Thumb Code   556  ff.o(.text.f_printf)
    f_read                                   0x08006251   Thumb Code   350  ff.o(.text.f_read)
    f_readdir                                0x080063af   Thumb Code    86  ff.o(.text.f_readdir)
    f_rename                                 0x08006405   Thumb Code   250  ff.o(.text.f_rename)
    f_stat                                   0x080064ff   Thumb Code    66  ff.o(.text.f_stat)
    f_sync                                   0x08006541   Thumb Code   140  ff.o(.text.f_sync)
    f_unlink                                 0x080065cd   Thumb Code   150  ff.o(.text.f_unlink)
    f_write                                  0x08006663   Thumb Code   394  ff.o(.text.f_write)
    ff_convert                               0x080067ed   Thumb Code    84  cc936.o(.text.ff_convert)
    ff_wtoupper                              0x08006841   Thumb Code    76  cc936.o(.text.ff_wtoupper)
    file_check                               0x0800688d   Thumb Code   304  fatfs_book.o(.text.file_check)
    fn_DMA_show_Init                         0x08006c11   Thumb Code    92  main.o(.text.fn_DMA_show_Init)
    fn_EXTI_GPIO_Config                      0x08006c6d   Thumb Code    72  exit_book.o(.text.fn_EXTI_GPIO_Config)
    fn_FatFs_Document_Init                   0x08006cb5   Thumb Code    96  main.o(.text.fn_FatFs_Document_Init)
    fn_HRCC_SetSystic                        0x08006d15   Thumb Code   106  rcc_book.o(.text.fn_HRCC_SetSystic)
    fn_I2C_EE_Init                           0x08006d81   Thumb Code   100  main.o(.text.fn_I2C_EE_Init)
    fn_I2C_EE_Soft_Init                      0x08006de5   Thumb Code   108  main.o(.text.fn_I2C_EE_Soft_Init)
    fn_Key_GPIO_Config                       0x08006e51   Thumb Code    30  key_book.o(.text.fn_Key_GPIO_Config)
    fn_Key_Init                              0x08006e71   Thumb Code    48  key_book.o(.text.fn_Key_Init)
    fn_LCD_Init                              0x08006ea1   Thumb Code   132  main.o(.text.fn_LCD_Init)
    fn_LED_ALL_OFF                           0x08006f25   Thumb Code    36  led_book.o(.text.fn_LED_ALL_OFF)
    fn_LED_Corporate                         0x08006f49   Thumb Code    56  led_book.o(.text.fn_LED_Corporate)
    fn_LED_Flash_Init                        0x08006f81   Thumb Code   128  main.o(.text.fn_LED_Flash_Init)
    fn_LED_GPIO_Config                       0x08007001   Thumb Code    46  led_book.o(.text.fn_LED_GPIO_Config)
    fn_Lcd_Page1                             0x08007031   Thumb Code   716  lcd_pagehtml_book.o(.text.fn_Lcd_Page1)
    fn_Lcd_Page2                             0x080072fd   Thumb Code   820  lcd_pagehtml_book.o(.text.fn_Lcd_Page2)
    fn_Lcd_Page3                             0x08007631   Thumb Code    12  lcd_pagehtml_book.o(.text.fn_Lcd_Page3)
    fn_Lcd_Page_Init                         0x0800763d   Thumb Code     4  lcd_pagehtml_book.o(.text.fn_Lcd_Page_Init)
    fn_Led_Init                              0x08007641   Thumb Code    60  led_book.o(.text.fn_Led_Init)
    fn_NVIC_Config                           0x0800767d   Thumb Code    40  exit_book.o(.text.fn_NVIC_Config)
    fn_RCC_Init                              0x080076a5   Thumb Code     8  rcc_book.o(.text.fn_RCC_Init)
    fn_SPI_FLASH_Soft_Init                   0x080076ad   Thumb Code   256  main.o(.text.fn_SPI_FLASH_Soft_Init)
    fn_SRAM_Init                             0x080077ad   Thumb Code   180  main.o(.text.fn_SRAM_Init)
    fn_SysTick_delay_decrement               0x08007861   Thumb Code    64  systick_book.o(.text.fn_SysTick_delay_decrement)
    fn_Systick_Delay                         0x080078a1   Thumb Code   108  systick_book.o(.text.fn_Systick_Delay)
    fn_Systick_Delay_Handler_set             0x0800790d   Thumb Code   108  systick_book.o(.text.fn_Systick_Delay_Handler_set)
    fn_USART_Config                          0x08007979   Thumb Code    92  usart_book.o(.text.fn_USART_Config)
    fn_USART_IO_Config                       0x080079d5   Thumb Code    48  usart_book.o(.text.fn_USART_IO_Config)
    fn_USART_Init                            0x08007a05   Thumb Code    14  usart_book.o(.text.fn_USART_Init)
    fn_Usart_SendString                      0x08007a13   Thumb Code    40  usart_book.o(.text.fn_Usart_SendString)
    fn_Usart_Send_Byte                       0x08007a3b   Thumb Code    22  usart_book.o(.text.fn_Usart_Send_Byte)
    fn_XPT2046_Init                          0x08007a51   Thumb Code    96  main.o(.text.fn_XPT2046_Init)
    fn_key_Check                             0x08007ab1   Thumb Code    14  key_book.o(.text.fn_key_Check)
    fn_key_Effect                            0x08007ac1   Thumb Code    56  key_book.o(.text.fn_key_Effect)
    fn_key_judge                             0x08007af9   Thumb Code   136  key_book.o(.text.fn_key_judge)
    fn_usart_show_Init                       0x08007b81   Thumb Code    72  main.o(.text.fn_usart_show_Init)
    fputc                                    0x08007e99   Thumb Code    36  usart_book.o(.text.fputc)
    get_fat                                  0x08007ebd   Thumb Code   238  ff.o(.text.get_fat)
    get_fattime                              0x08007fad   Thumb Code     8  diskio.o(.text.get_fattime)
    main                                     0x080080d9   Thumb Code   204  main.o(.text.main)
    put_fat                                  0x080081f9   Thumb Code   280  ff.o(.text.put_fat)
    __0printf                                0x08008569   Thumb Code    22  printfa.o(i.__0printf)
    __1printf                                0x08008569   Thumb Code     0  printfa.o(i.__0printf)
    __2printf                                0x08008569   Thumb Code     0  printfa.o(i.__0printf)
    __c89printf                              0x08008569   Thumb Code     0  printfa.o(i.__0printf)
    printf                                   0x08008569   Thumb Code     0  printfa.o(i.__0printf)
    __0sprintf                               0x08008589   Thumb Code    34  printfa.o(i.__0sprintf)
    __1sprintf                               0x08008589   Thumb Code     0  printfa.o(i.__0sprintf)
    __2sprintf                               0x08008589   Thumb Code     0  printfa.o(i.__0sprintf)
    __c89sprintf                             0x08008589   Thumb Code     0  printfa.o(i.__0sprintf)
    sprintf                                  0x08008589   Thumb Code     0  printfa.o(i.__0sprintf)
    __scatterload_copy                       0x080085b1   Thumb Code    14  handlers.o(i.__scatterload_copy)
    __scatterload_null                       0x080085bf   Thumb Code     2  handlers.o(i.__scatterload_null)
    __scatterload_zeroinit                   0x080085c1   Thumb Code    14  handlers.o(i.__scatterload_zeroinit)
    putchar                                  0x08008e8d   Thumb Code     6  putchar.o(i.putchar)
    puts                                     0x08008e99   Thumb Code    30  puts.o(i.puts)
    ASCII16x24_Table                         0x08008ed0   Data        4560  fonts.o(.rodata.ASCII16x24_Table)
    ASCII24x32_Table                         0x0800a0a0   Data        9120  fonts.o(.rodata.ASCII24x32_Table)
    ASCII8x16_Table                          0x0800c440   Data        1520  fonts.o(.rodata.ASCII8x16_Table)
    aSRC_Cont_Buffer                         0x0800ca40   Data          80  dma_book.o(.rodata.aSRC_Cont_Buffer)
    Region$$Table$$Base                      0x08037d78   Number         0  anon$$obj.o(Region$$Table)
    Region$$Table$$Limit                     0x08037d98   Number         0  anon$$obj.o(Region$$Table)
    __stdout                                 0x20000000   Data           4  stdout.o(.data)
    LCD_SCAN_MODE                            0x20000004   Data           1  lcd_book.o(.data..L_MergedGlobals)
    LCD_X_LENGTH                             0x20000006   Data           2  lcd_book.o(.data..L_MergedGlobals)
    LCD_Y_LENGTH                             0x20000008   Data           2  lcd_book.o(.data..L_MergedGlobals)
    Font16x24                                0x2000000c   Data           8  fonts.o(.data.Font16x24)
    Font24x32                                0x20000014   Data           8  fonts.o(.data.Font24x32)
    Font8x16                                 0x2000001c   Data           8  fonts.o(.data.Font8x16)
    LCD_Currentfonts                         0x20000024   Data           4  lcd_draw_book.o(.data.LCD_Currentfonts)
    SystemCoreClock                          0x2000002c   Data           4  system_stm32f10x.o(.data.SystemCoreClock)
    strXPT2046_TouchPara                     0x20000038   Data         192  xpt2046_lcd_function_book.o(.data.strXPT2046_TouchPara)
    test_modu2                               0x200000f8   Data        2048  lcd_pagehtml_book.o(.data.test_modu2)
    key_flag                                 0x20000908   Data           1  key_book.o(.bss..L_MergedGlobals)
    Count_Modle_flag                         0x2000090a   Data           2  key_book.o(.bss..L_MergedGlobals)
    USART_BUFFER_SIZE                        0x20000918   Data           4  dma_book.o(.bss..L_MergedGlobals)
    USART_DMA_Buffer                         0x2000091c   Data           4  dma_book.o(.bss..L_MergedGlobals)
    res_flash                                0x20000920   Data           1  fatfs_book.o(.bss..L_MergedGlobals)
    fnum                                     0x20000924   Data           4  fatfs_book.o(.bss..L_MergedGlobals)
    CurrentForecolor                         0x20000948   Data           2  lcd_draw_book.o(.bss..L_MergedGlobals)
    CurrentBackColor                         0x2000094a   Data           2  lcd_draw_book.o(.bss..L_MergedGlobals)
    XPT2046_LCD_flag                         0x2000094c   Data           1  xpt2046_lcd_function_book.o(.bss..L_MergedGlobals)
    strCrossCoordinate                       0x20000950   Data          32  xpt2046_lcd_function_book.o(.bss..L_MergedGlobals)
    strScreenSample                          0x20000970   Data          32  xpt2046_lcd_function_book.o(.bss..L_MergedGlobals)
    ADC_ConvertedValue                       0x2000099c   Data           2  adc_book.o(.bss.ADC_ConvertedValue)
    aDST_Buffer                              0x200019ac   Data          80  dma_book.o(.bss.aDST_Buffer)
    brush                                    0x200019fc   Data           8  xpt2046_lcd_device_book.o(.bss.brush)
    button                                   0x20001a04   Data         432  xpt2046_lcd_device_book.o(.bss.button)
    fnew                                     0x20001bb4   Data        4132  fatfs_book.o(.bss.fnew)
    fs                                       0x20002bd8   Data        4144  fatfs_book.o(.bss.fs)
    ucXPT2046_TouchFlag                      0x20003e07   Data           1  xpt2046_lcd_function_book.o(.bss.ucXPT2046_TouchFlag)
    zoomBuff                                 0x20004e08   Data       16384  lcd_draw_book.o(.bss.zoomBuff)
    zoomTempBuff                             0x20008e08   Data        1024  lcd_draw_book.o(.bss.zoomTempBuff)
    __initial_sp                             0x20009608   Data           0  startup_stm32f10x_hd.o(STACK)



==============================================================================

Memory Map of the image

  Image Entry point : 0x08000131

  Load Region LR_IROM1 (Base: 0x08000000, Size: 0x000386a0, Max: 0x00080000, ABSOLUTE, COMPRESSED[0x00037f20])

    Execution Region ER_IROM1 (Exec base: 0x08000000, Load base: 0x08000000, Size: 0x00037d98, Max: 0x00080000, ABSOLUTE)

    Exec Addr    Load Addr    Size         Type   Attr      Idx    E Section Name        Object

    0x08000000   0x08000000   0x00000130   Data   RO            3    RESET               startup_stm32f10x_hd.o
    0x08000130   0x08000130   0x00000000   Code   RO         1852  * .ARM.Collect$$$$00000000  mc_w.l(entry.o)
    0x08000130   0x08000130   0x00000004   Code   RO         2140    .ARM.Collect$$$$00000001  mc_w.l(entry2.o)
    0x08000134   0x08000134   0x00000004   Code   RO         2143    .ARM.Collect$$$$00000004  mc_w.l(entry5.o)
    0x08000138   0x08000138   0x00000000   Code   RO         2145    .ARM.Collect$$$$00000008  mc_w.l(entry7b.o)
    0x08000138   0x08000138   0x00000000   Code   RO         2147    .ARM.Collect$$$$0000000A  mc_w.l(entry8b.o)
    0x08000138   0x08000138   0x00000008   Code   RO         2148    .ARM.Collect$$$$0000000B  mc_w.l(entry9a.o)
    0x08000140   0x08000140   0x00000000   Code   RO         2150    .ARM.Collect$$$$0000000D  mc_w.l(entry10a.o)
    0x08000140   0x08000140   0x00000000   Code   RO         2152    .ARM.Collect$$$$0000000F  mc_w.l(entry11a.o)
    0x08000140   0x08000140   0x00000004   Code   RO         2141    .ARM.Collect$$$$00002712  mc_w.l(entry2.o)
    0x08000144   0x08000144   0x00000024   Code   RO            4    .text               startup_stm32f10x_hd.o
    0x08000168   0x08000168   0x00000024   Code   RO         1861    .text               mc_w.l(memseta.o)
    0x0800018c   0x0800018c   0x0000000e   Code   RO         1863    .text               mc_w.l(strlen.o)
    0x0800019a   0x0800019a   0x00000012   Code   RO         1865    .text               mc_w.l(strcpy.o)
    0x080001ac   0x080001ac   0x000000b0   Code   RO         2128    .text               mf_w.l(fadd.o)
    0x0800025c   0x0800025c   0x00000064   Code   RO         2130    .text               mf_w.l(fmul.o)
    0x080002c0   0x080002c0   0x0000007c   Code   RO         2132    .text               mf_w.l(fdiv.o)
    0x0800033c   0x0800033c   0x00000012   Code   RO         2134    .text               mf_w.l(fflti.o)
    0x0800034e   0x0800034e   0x00000032   Code   RO         2136    .text               mf_w.l(ffixi.o)
    0x08000380   0x08000380   0x00000026   Code   RO         2138    .text               mf_w.l(f2d.o)
    0x080003a6   0x080003a6   0x0000002c   Code   RO         2155    .text               mc_w.l(uidiv.o)
    0x080003d2   0x080003d2   0x00000062   Code   RO         2157    .text               mc_w.l(uldiv.o)
    0x08000434   0x08000434   0x00000000   Code   RO         2159    .text               mc_w.l(iusefp.o)
    0x08000434   0x08000434   0x0000006e   Code   RO         2160    .text               mf_w.l(fepilogue.o)
    0x080004a2   0x080004a2   0x0000014e   Code   RO         2162    .text               mf_w.l(dadd.o)
    0x080005f0   0x080005f0   0x000000e4   Code   RO         2164    .text               mf_w.l(dmul.o)
    0x080006d4   0x080006d4   0x000000de   Code   RO         2166    .text               mf_w.l(ddiv.o)
    0x080007b2   0x080007b2   0x00000030   Code   RO         2168    .text               mf_w.l(dfixul.o)
    0x080007e2   0x080007e2   0x00000002   PAD
    0x080007e4   0x080007e4   0x00000030   Code   RO         2170    .text               mf_w.l(cdrcmple.o)
    0x08000814   0x08000814   0x00000024   Code   RO         2172    .text               mc_w.l(init.o)
    0x08000838   0x08000838   0x0000001e   Code   RO         2174    .text               mc_w.l(llshl.o)
    0x08000856   0x08000856   0x00000020   Code   RO         2176    .text               mc_w.l(llushr.o)
    0x08000876   0x08000876   0x00000024   Code   RO         2178    .text               mc_w.l(llsshr.o)
    0x0800089a   0x0800089a   0x000000ba   Code   RO         2180    .text               mf_w.l(depilogue.o)
    0x08000954   0x08000954   0x00000056   Code   RO         2190    .text               mc_w.l(__dczerorl2.o)
    0x080009aa   0x080009aa   0x00000002   PAD
    0x080009ac   0x080009ac   0x00000034   Code   RO         1617    .text.ADC1_2_IRQHandler  adc_book.o
    0x080009e0   0x080009e0   0x00000008   Code   RO          113    .text.ADC_ClearITPendingBit  stm32f10x_adc.o
    0x080009e8   0x080009e8   0x00000006   Code   RO           75    .text.ADC_GetConversionValue  stm32f10x_adc.o
    0x080009ee   0x080009ee   0x0000001c   Code   RO          111    .text.ADC_GetITStatus  stm32f10x_adc.o
    0x08000a0a   0x08000a0a   0x00000002   Code   RO         1836    .text.BusFault_Handler  stm32f10x_it.o
    0x08000a0c   0x08000a0c   0x0000002c   Code   RO         1603    .text.Command_Clear_Palette  xpt2046_lcd_device_book.o
    0x08000a38   0x08000a38   0x00000018   Code   RO         1599    .text.Command_RUBBER_Palette  xpt2046_lcd_device_book.o
    0x08000a50   0x08000a50   0x00000010   Code   RO         1595    .text.Command_Select_Brush  xpt2046_lcd_device_book.o
    0x08000a60   0x08000a60   0x00000014   Code   RO         1591    .text.Command_Select_Color  xpt2046_lcd_device_book.o
    0x08000a74   0x08000a74   0x00000018   Code   RO          319    .text.DMA_Cmd       stm32f10x_dma.o
    0x08000a8c   0x08000a8c   0x00000018   Code   RO          327    .text.DMA_GetFlagStatus  stm32f10x_dma.o
    0x08000aa4   0x08000aa4   0x00000046   Code   RO          315    .text.DMA_Init      stm32f10x_dma.o
    0x08000aea   0x08000aea   0x00000002   Code   RO         1842    .text.DebugMon_Handler  stm32f10x_it.o
    0x08000aec   0x08000aec   0x00000068   Code   RO         1512    .text.Display_Char_test  lcd_pagehtml_book.o
    0x08000b54   0x08000b54   0x00000028   Code   RO         1514    .text.Display_LCD_clear  lcd_pagehtml_book.o
    0x08000b7c   0x08000b7c   0x000000ec   Code   RO         1601    .text.Draw_Clear_Button  xpt2046_lcd_device_book.o
    0x08000c68   0x08000c68   0x00000082   Code   RO         1589    .text.Draw_Color_Button  xpt2046_lcd_device_book.o
    0x08000cea   0x08000cea   0x00000002   PAD
    0x08000cec   0x08000cec   0x000000ec   Code   RO         1597    .text.Draw_RUBBER_Button  xpt2046_lcd_device_book.o
    0x08000dd8   0x08000dd8   0x000001ba   Code   RO         1593    .text.Draw_Shape_Button  xpt2046_lcd_device_book.o
    0x08000f92   0x08000f92   0x00000002   PAD
    0x08000f94   0x08000f94   0x00000120   Code   RO         1587    .text.Draw_Trail    xpt2046_lcd_device_book.o
    0x080010b4   0x080010b4   0x00000050   Code   RO         1308    .text.EE_Soft_Check_State  i2c_soft_book.o
    0x08001104   0x08001104   0x000000b4   Code   RO         1304    .text.EE_Soft_WriteBytes  i2c_soft_book.o
    0x080011b8   0x080011b8   0x00000040   Code   RO         1154    .text.EXTI0_IRQHandler  exit_book.o
    0x080011f8   0x080011f8   0x00000038   Code   RO         1156    .text.EXTI15_10_IRQHandler  exit_book.o
    0x08001230   0x08001230   0x0000000c   Code   RO          357    .text.EXTI_ClearITPendingBit  stm32f10x_exti.o
    0x0800123c   0x0800123c   0x00000018   Code   RO          355    .text.EXTI_GetITStatus  stm32f10x_exti.o
    0x08001254   0x08001254   0x00000060   Code   RO          345    .text.EXTI_Init     stm32f10x_exti.o
    0x080012b4   0x080012b4   0x00000014   Code   RO          371    .text.FLASH_PrefetchBufferCmd  stm32f10x_flash.o
    0x080012c8   0x080012c8   0x00000014   Code   RO          367    .text.FLASH_SetLatency  stm32f10x_flash.o
    0x080012dc   0x080012dc   0x00000024   Code   RO          449    .text.FSMC_NORSRAMCmd  stm32f10x_fsmc.o
    0x08001300   0x08001300   0x000000b0   Code   RO          437    .text.FSMC_NORSRAMInit  stm32f10x_fsmc.o
    0x080013b0   0x080013b0   0x00000020   Code   RO         1370    .text.FatFs_Close_flash  fatfs_book.o
    0x080013d0   0x080013d0   0x00000118   Code   RO         1372    .text.FatFs_document_Text  fatfs_book.o
    0x080014e8   0x080014e8   0x000000f4   Code   RO         1374    .text.FatFs_document_set_content  fatfs_book.o
    0x080015dc   0x080015dc   0x00000148   Code   RO         1368    .text.FatFs_equipment_flash  fatfs_book.o
    0x08001724   0x08001724   0x00000028   Code   RO          509    .text.GPIO_EXTILineConfig  stm32f10x_gpio.o
    0x0800174c   0x0800174c   0x000000b4   Code   RO          481    .text.GPIO_Init     stm32f10x_gpio.o
    0x08001800   0x08001800   0x0000000a   Code   RO          485    .text.GPIO_ReadInputDataBit  stm32f10x_gpio.o
    0x0800180a   0x0800180a   0x0000000a   Code   RO          489    .text.GPIO_ReadOutputDataBit  stm32f10x_gpio.o
    0x08001814   0x08001814   0x00000004   Code   RO          495    .text.GPIO_ResetBits  stm32f10x_gpio.o
    0x08001818   0x08001818   0x00000004   Code   RO          493    .text.GPIO_SetBits  stm32f10x_gpio.o
    0x0800181c   0x0800181c   0x00000048   Code   RO         1775    .text.GetGBKCode_from_EXFlash  fonts.o
    0x08001864   0x08001864   0x00000002   Code   RO         1832    .text.HardFault_Handler  stm32f10x_it.o
    0x08001866   0x08001866   0x00000012   Code   RO          538    .text.I2C_AcknowledgeConfig  stm32f10x_i2c.o
    0x08001878   0x08001878   0x00000016   Code   RO          576    .text.I2C_CheckEvent  stm32f10x_i2c.o
    0x0800188e   0x0800188e   0x00000006   Code   RO          582    .text.I2C_ClearFlag  stm32f10x_i2c.o
    0x08001894   0x08001894   0x00000012   Code   RO          528    .text.I2C_Cmd       stm32f10x_i2c.o
    0x080018a6   0x080018a6   0x00000002   PAD
    0x080018a8   0x080018a8   0x0000004c   Code   RO         1286    .text.I2C_EE_WaitEepromStandbyState  i2c_book.o
    0x080018f4   0x080018f4   0x00000012   Code   RO          534    .text.I2C_GenerateSTART  stm32f10x_i2c.o
    0x08001906   0x08001906   0x00000012   Code   RO          536    .text.I2C_GenerateSTOP  stm32f10x_i2c.o
    0x08001918   0x08001918   0x00000034   Code   RO          580    .text.I2C_GetFlagStatus  stm32f10x_i2c.o
    0x0800194c   0x0800194c   0x000000bc   Code   RO          524    .text.I2C_Init      stm32f10x_i2c.o
    0x08001a08   0x08001a08   0x00000016   Code   RO          554    .text.I2C_ReadRegister  stm32f10x_i2c.o
    0x08001a1e   0x08001a1e   0x00000002   PAD
    0x08001a20   0x08001a20   0x000001fc   Code   RO         1288    .text.I2C_Read_fun  i2c_book.o
    0x08001c1c   0x08001c1c   0x00000006   Code   RO          550    .text.I2C_ReceiveData  stm32f10x_i2c.o
    0x08001c22   0x08001c22   0x00000010   Code   RO          552    .text.I2C_Send7bitAddress  stm32f10x_i2c.o
    0x08001c32   0x08001c32   0x00000002   PAD
    0x08001c34   0x08001c34   0x00000054   Code   RO         1318    .text.I2C_SendByte  i2c_soft_book.o
    0x08001c88   0x08001c88   0x00000004   Code   RO          548    .text.I2C_SendData  stm32f10x_i2c.o
    0x08001c8c   0x08001c8c   0x00000014   Code   RO         1306    .text.I2C_Soft_Init  i2c_soft_book.o
    0x08001ca0   0x08001ca0   0x000001a4   Code   RO         1312    .text.I2C_Soft_Read_fun  i2c_soft_book.o
    0x08001e44   0x08001e44   0x000000b0   Code   RO         1310    .text.I2C_Soft_Write_fun  i2c_soft_book.o
    0x08001ef4   0x08001ef4   0x0000002c   Code   RO         1316    .text.I2C_Start     i2c_soft_book.o
    0x08001f20   0x08001f20   0x0000001c   Code   RO         1314    .text.I2C_Stop      i2c_soft_book.o
    0x08001f3c   0x08001f3c   0x0000003c   Code   RO         1290    .text.I2C_TIMEOUT_UserCallback  i2c_book.o
    0x08001f78   0x08001f78   0x00000034   Code   RO         1320    .text.I2C_WaitAck   i2c_soft_book.o
    0x08001fac   0x08001fac   0x0000019c   Code   RO         1284    .text.I2C_Write_fun  i2c_book.o
    0x08002148   0x08002148   0x00000018   Code   RO         1419    .text.ILI9341_BackLed_Control  lcd_book.o
    0x08002160   0x08002160   0x0000001c   Code   RO         1442    .text.ILI9341_Clear  lcd_draw_book.o
    0x0800217c   0x0800217c   0x00000012   Code   RO         1417    .text.ILI9341_Delay  lcd_book.o
    0x0800218e   0x0800218e   0x00000002   PAD
    0x08002190   0x08002190   0x00000078   Code   RO         1480    .text.ILI9341_DispChar_CH  lcd_draw_book.o
    0x08002208   0x08002208   0x00000080   Code   RO         1472    .text.ILI9341_DispChar_EN  lcd_draw_book.o
    0x08002288   0x08002288   0x00000068   Code   RO         1474    .text.ILI9341_DispStringLine_EN  lcd_draw_book.o
    0x080022f0   0x080022f0   0x000000a8   Code   RO         1484    .text.ILI9341_DispStringLine_EN_CH  lcd_draw_book.o
    0x08002398   0x08002398   0x00000054   Code   RO         1482    .text.ILI9341_DispString_CH  lcd_draw_book.o
    0x080023ec   0x080023ec   0x000000ac   Code   RO         1486    .text.ILI9341_DispString_EN_CH  lcd_draw_book.o
    0x08002498   0x08002498   0x000000d0   Code   RO         1494    .text.ILI9341_DisplayStringEx  lcd_draw_book.o
    0x08002568   0x08002568   0x0000005c   Code   RO         1492    .text.ILI9341_DrawChar_Ex  lcd_draw_book.o
    0x080025c4   0x080025c4   0x0000018c   Code   RO         1462    .text.ILI9341_DrawCircle  lcd_draw_book.o
    0x08002750   0x08002750   0x00000034   Code   RO         1464    .text.ILI9341_DrawCross  lcd_draw_book.o
    0x08002784   0x08002784   0x0000009e   Code   RO         1458    .text.ILI9341_DrawLine  lcd_draw_book.o
    0x08002822   0x08002822   0x00000002   PAD
    0x08002824   0x08002824   0x00000084   Code   RO         1460    .text.ILI9341_DrawRectangle  lcd_draw_book.o
    0x080028a8   0x080028a8   0x0000001a   Code   RO         1444    .text.ILI9341_FillColor  lcd_draw_book.o
    0x080028c2   0x080028c2   0x00000002   PAD
    0x080028c4   0x080028c4   0x00000034   Code   RO         1438    .text.ILI9341_GetPointPixel  lcd_draw_book.o
    0x080028f8   0x080028f8   0x00000080   Code   RO         1423    .text.ILI9341_GramScan  lcd_book.o
    0x08002978   0x08002978   0x0000031c   Code   RO         1425    .text.ILI9341_Init  lcd_book.o
    0x08002c94   0x08002c94   0x00000054   Code   RO         1436    .text.ILI9341_OpenWindow  lcd_draw_book.o
    0x08002ce8   0x08002ce8   0x00000008   Code   RO         1415    .text.ILI9341_Read_Data  lcd_book.o
    0x08002cf0   0x08002cf0   0x00000030   Code   RO         1421    .text.ILI9341_Rst   lcd_book.o
    0x08002d20   0x08002d20   0x00000006   Code   RO         1440    .text.ILI9341_SetCursor  lcd_draw_book.o
    0x08002d26   0x08002d26   0x00000002   PAD
    0x08002d28   0x08002d28   0x0000002c   Code   RO         1456    .text.ILI9341_SetPointPixel  lcd_draw_book.o
    0x08002d54   0x08002d54   0x00000008   Code   RO         1411    .text.ILI9341_Write_Cmd  lcd_book.o
    0x08002d5c   0x08002d5c   0x00000008   Code   RO         1413    .text.ILI9341_Write_Data  lcd_book.o
    0x08002d64   0x08002d64   0x000000d4   Code   RO         1490    .text.ILI9341_zoomChar  lcd_draw_book.o
    0x08002e38   0x08002e38   0x000000f4   Code   RO         1466    .text.LCD_DrawUniLineCircle  lcd_draw_book.o
    0x08002f2c   0x08002f2c   0x00000008   Code   RO         1448    .text.LCD_GetFont   lcd_draw_book.o
    0x08002f34   0x08002f34   0x00000008   Code   RO         1454    .text.LCD_SetBackColor  lcd_draw_book.o
    0x08002f3c   0x08002f3c   0x00000008   Code   RO         1450    .text.LCD_SetColors  lcd_draw_book.o
    0x08002f44   0x08002f44   0x00000008   Code   RO         1470    .text.LCD_SetFont   lcd_draw_book.o
    0x08002f4c   0x08002f4c   0x00000008   Code   RO         1452    .text.LCD_SetForeColor  lcd_draw_book.o
    0x08002f54   0x08002f54   0x00000008   Code   RO         1468    .text.LCD_SetTextColor  lcd_draw_book.o
    0x08002f5c   0x08002f5c   0x0000006c   Code   RO         1498    .text.Lcd_display_String  lcd_draw_book.o
    0x08002fc8   0x08002fc8   0x00000002   Code   RO         1834    .text.MemManage_Handler  stm32f10x_it.o
    0x08002fca   0x08002fca   0x00000002   Code   RO         1830    .text.NMI_Handler   stm32f10x_it.o
    0x08002fcc   0x08002fcc   0x00000050   Code   RO           27    .text.NVIC_Init     misc.o
    0x0800301c   0x0800301c   0x00000014   Code   RO           25    .text.NVIC_PriorityGroupConfig  misc.o
    0x08003030   0x08003030   0x000001bc   Code   RO         1581    .text.Palette_Init  xpt2046_lcd_device_book.o
    0x080031ec   0x080031ec   0x00000002   Code   RO         1844    .text.PendSV_Handler  stm32f10x_it.o
    0x080031ee   0x080031ee   0x00000002   PAD
    0x080031f0   0x080031f0   0x00000018   Code   RO          684    .text.RCC_AHBPeriphClockCmd  stm32f10x_rcc.o
    0x08003208   0x08003208   0x00000018   Code   RO          688    .text.RCC_APB1PeriphClockCmd  stm32f10x_rcc.o
    0x08003220   0x08003220   0x00000018   Code   RO          686    .text.RCC_APB2PeriphClockCmd  stm32f10x_rcc.o
    0x08003238   0x08003238   0x0000003c   Code   RO          642    .text.RCC_DeInit    stm32f10x_rcc.o
    0x08003274   0x08003274   0x00000074   Code   RO          682    .text.RCC_GetClocksFreq  stm32f10x_rcc.o
    0x080032e8   0x080032e8   0x00000024   Code   RO          648    .text.RCC_GetFlagStatus  stm32f10x_rcc.o
    0x0800330c   0x0800330c   0x0000000c   Code   RO          660    .text.RCC_GetSYSCLKSource  stm32f10x_rcc.o
    0x08003318   0x08003318   0x00000010   Code   RO          662    .text.RCC_HCLKConfig  stm32f10x_rcc.o
    0x08003328   0x08003328   0x0000002c   Code   RO          644    .text.RCC_HSEConfig  stm32f10x_rcc.o
    0x08003354   0x08003354   0x00000010   Code   RO          664    .text.RCC_PCLK1Config  stm32f10x_rcc.o
    0x08003364   0x08003364   0x00000010   Code   RO          666    .text.RCC_PCLK2Config  stm32f10x_rcc.o
    0x08003374   0x08003374   0x0000000c   Code   RO          656    .text.RCC_PLLCmd    stm32f10x_rcc.o
    0x08003380   0x08003380   0x00000010   Code   RO          654    .text.RCC_PLLConfig  stm32f10x_rcc.o
    0x08003390   0x08003390   0x00000014   Code   RO          658    .text.RCC_SYSCLKConfig  stm32f10x_rcc.o
    0x080033a4   0x080033a4   0x0000002c   Code   RO          646    .text.RCC_WaitForHSEStartUp  stm32f10x_rcc.o
    0x080033d0   0x080033d0   0x00000084   Code   RO         1349    .text.SPI_BufferWrite_Data  spi_book.o
    0x08003454   0x08003454   0x00000012   Code   RO          830    .text.SPI_Cmd       stm32f10x_spi.o
    0x08003466   0x08003466   0x00000002   PAD
    0x08003468   0x08003468   0x00000030   Code   RO         1337    .text.SPI_Erase_Sector  spi_book.o
    0x08003498   0x08003498   0x000000a0   Code   RO         1331    .text.SPI_FLASH_Init  spi_book.o
    0x08003538   0x08003538   0x0000006c   Code   RO         1335    .text.SPI_FLASH_Send_Byte  spi_book.o
    0x080035a4   0x080035a4   0x00000014   Code   RO         1353    .text.SPI_Flash_WAKEUP  spi_book.o
    0x080035b8   0x080035b8   0x0000000a   Code   RO          858    .text.SPI_I2S_GetFlagStatus  stm32f10x_spi.o
    0x080035c2   0x080035c2   0x00000004   Code   RO          840    .text.SPI_I2S_ReceiveData  stm32f10x_spi.o
    0x080035c6   0x080035c6   0x00000004   Code   RO          838    .text.SPI_I2S_SendData  stm32f10x_spi.o
    0x080035ca   0x080035ca   0x00000036   Code   RO          822    .text.SPI_Init      stm32f10x_spi.o
    0x08003600   0x08003600   0x00000044   Code   RO         1345    .text.SPI_Read_Data  spi_book.o
    0x08003644   0x08003644   0x00000034   Code   RO         1333    .text.SPI_Read_ID   spi_book.o
    0x08003678   0x08003678   0x0000003c   Code   RO         1355    .text.SPI_Show_Data  spi_book.o
    0x080036b4   0x080036b4   0x00000010   Code   RO          826    .text.SPI_StructInit  stm32f10x_spi.o
    0x080036c4   0x080036c4   0x00000038   Code   RO         1357    .text.SPI_TIMEOUT_UserCallback  spi_book.o
    0x080036fc   0x080036fc   0x00000020   Code   RO         1341    .text.SPI_WaitForWriteEnd  spi_book.o
    0x0800371c   0x0800371c   0x00000084   Code   RO         1347    .text.SPI_Write_Data  spi_book.o
    0x080037a0   0x080037a0   0x00000018   Code   RO         1339    .text.SPI_Write_Enable  spi_book.o
    0x080037b8   0x080037b8   0x00000298   Code   RO         1398    .text.SRAM_Init     sram_book.o
    0x08003a50   0x08003a50   0x00000114   Code   RO         1396    .text.SRAM_Test     sram_book.o
    0x08003b64   0x08003b64   0x0000007c   Code   RO         1400    .text.SRAM_Write    sram_book.o
    0x08003be0   0x08003be0   0x00000002   Code   RO         1840    .text.SVC_Handler   stm32f10x_it.o
    0x08003be2   0x08003be2   0x00000002   PAD
    0x08003be4   0x08003be4   0x00000044   Code   RO         1378    .text.Scan_file_Check  fatfs_book.o
    0x08003c28   0x08003c28   0x00000004   Code   RO         1222    .text.SysTick_Handler  systick_book.o
    0x08003c2c   0x08003c2c   0x000000f0   Code   RO           11    .text.SystemInit    system_stm32f10x.o
    0x08003d1c   0x08003d1c   0x00000058   Code   RO         1583    .text.Touch_Button_Down  xpt2046_lcd_device_book.o
    0x08003d74   0x08003d74   0x00000044   Code   RO         1585    .text.Touch_Button_Up  xpt2046_lcd_device_book.o
    0x08003db8   0x08003db8   0x00000024   Code   RO         1249    .text.USART1_IRQHandler  usart_book.o
    0x08003ddc   0x08003ddc   0x00000012   Code   RO         1070    .text.USART_Cmd     stm32f10x_usart.o
    0x08003dee   0x08003dee   0x00000010   Code   RO         1074    .text.USART_DMACmd  stm32f10x_usart.o
    0x08003dfe   0x08003dfe   0x0000000a   Code   RO         1110    .text.USART_GetFlagStatus  stm32f10x_usart.o
    0x08003e08   0x08003e08   0x00000038   Code   RO         1114    .text.USART_GetITStatus  stm32f10x_usart.o
    0x08003e40   0x08003e40   0x0000002c   Code   RO         1072    .text.USART_ITConfig  stm32f10x_usart.o
    0x08003e6c   0x08003e6c   0x000000a4   Code   RO         1062    .text.USART_Init    stm32f10x_usart.o
    0x08003f10   0x08003f10   0x00000008   Code   RO         1088    .text.USART_ReceiveData  stm32f10x_usart.o
    0x08003f18   0x08003f18   0x00000008   Code   RO         1086    .text.USART_SendData  stm32f10x_usart.o
    0x08003f20   0x08003f20   0x00000002   Code   RO         1838    .text.UsageFault_Handler  stm32f10x_it.o
    0x08003f22   0x08003f22   0x00000028   Code   RO         1241    .text.Usart_SendHalf_32_Word  usart_book.o
    0x08003f4a   0x08003f4a   0x00000014   Code   RO         1543    .text.XPT2046_DelayUS  xpt2046_lcd_book.o
    0x08003f5e   0x08003f5e   0x00000002   PAD
    0x08003f60   0x08003f60   0x00000070   Code   RO         1537    .text.XPT2046_GPIO_Init  xpt2046_lcd_book.o
    0x08003fd0   0x08003fd0   0x000000b0   Code   RO         1561    .text.XPT2046_Get_TouchedPoint  xpt2046_lcd_function_book.o
    0x08004080   0x08004080   0x000000c4   Code   RO         1541    .text.XPT2046_ReadAdc  xpt2046_lcd_book.o
    0x08004144   0x08004144   0x00000158   Code   RO         1555    .text.XPT2046_ReadAdc_Smooth_XY  xpt2046_lcd_function_book.o
    0x0800429c   0x0800429c   0x00000048   Code   RO         1539    .text.XPT2046_ReadAdc_XY  xpt2046_lcd_book.o
    0x080042e4   0x080042e4   0x0000007c   Code   RO         1553    .text.XPT2046_TouchDetect  xpt2046_lcd_function_book.o
    0x08004360   0x08004360   0x0000003c   Code   RO         1563    .text.XPT2046_TouchDown  xpt2046_lcd_function_book.o
    0x0800439c   0x0800439c   0x000000bc   Code   RO         1567    .text.XPT2046_TouchEvenHandler  xpt2046_lcd_function_book.o
    0x08004458   0x08004458   0x00000014   Code   RO         1565    .text.XPT2046_TouchUp  xpt2046_lcd_function_book.o
    0x0800446c   0x0800446c   0x000002a4   Code   RO         1559    .text.XPT2046_Touch_Calibrate  xpt2046_lcd_function_book.o
    0x08004710   0x08004710   0x00000240   Code   RO         1516    .text.XPT2046_Touch_Calibrate_Page  lcd_pagehtml_book.o
    0x08004950   0x08004950   0x0000003c   Code   RO         1557    .text.XPT2046_Touch_Calibrate_SetStand4Pint  xpt2046_lcd_function_book.o
    0x0800498c   0x0800498c   0x0000001c   Code   RO         1265    .text._Buffer_Show  dma_book.o
    0x080049a8   0x080049a8   0x0000001e   Code   RO         1263    .text._Buffercmp    dma_book.o
    0x080049c6   0x080049c6   0x00000056   Code   RO         1259    .text._DMA_Config   dma_book.o
    0x08004a1c   0x08004a1c   0x000000a0   Code   RO         1269    .text._DMA_RAM_TO_USART  dma_book.o
    0x08004abc   0x08004abc   0x000000b0   Code   RO         1267    .text._DMA_ROM_TO_RAM  dma_book.o
    0x08004b6c   0x08004b6c   0x00000074   Code   RO         1282    .text._I2C_EE_Init  i2c_book.o
    0x08004be0   0x08004be0   0x00000050   Code   RO         1261    .text._USART_DMA_Config  dma_book.o
    0x08004c30   0x08004c30   0x00000068   Code   RO         1739    .text.check_fs      ff.o
    0x08004c98   0x08004c98   0x0000000e   Code   RO         1743    .text.chk_chr       ff.o
    0x08004ca6   0x08004ca6   0x00000016   Code   RO         1647    .text.clust2sect    ff.o
    0x08004cbc   0x08004cbc   0x000000a8   Code   RO         1681    .text.create_chain  ff.o
    0x08004d64   0x08004d64   0x00000144   Code   RO         1741    .text.dir_find      ff.o
    0x08004ea8   0x08004ea8   0x0000010c   Code   RO         1703    .text.dir_next      ff.o
    0x08004fb4   0x08004fb4   0x000000fc   Code   RO         1699    .text.dir_read      ff.o
    0x080050b0   0x080050b0   0x00000260   Code   RO         1665    .text.dir_register  ff.o
    0x08005310   0x08005310   0x00000066   Code   RO         1713    .text.dir_remove    ff.o
    0x08005376   0x08005376   0x00000098   Code   RO         1693    .text.dir_sdi       ff.o
    0x0800540e   0x0800540e   0x0000001c   Code   RO         1629    .text.disk_initialize  diskio.o
    0x0800542a   0x0800542a   0x00000028   Code   RO         1635    .text.disk_ioctl    diskio.o
    0x08005452   0x08005452   0x00000020   Code   RO         1631    .text.disk_read     diskio.o
    0x08005472   0x08005472   0x00000002   PAD
    0x08005474   0x08005474   0x0000001c   Code   RO         1627    .text.disk_status   diskio.o
    0x08005490   0x08005490   0x0000002c   Code   RO         1633    .text.disk_write    diskio.o
    0x080054bc   0x080054bc   0x0000001c   Code   RO         1687    .text.f_close       ff.o
    0x080054d8   0x080054d8   0x00000012   Code   RO         1695    .text.f_closedir    ff.o
    0x080054ea   0x080054ea   0x000000e4   Code   RO         1707    .text.f_getfree     ff.o
    0x080055ce   0x080055ce   0x00000160   Code   RO         1689    .text.f_lseek       ff.o
    0x0800572e   0x0800572e   0x0000015c   Code   RO         1715    .text.f_mkdir       ff.o
    0x0800588a   0x0800588a   0x00000002   PAD
    0x0800588c   0x0800588c   0x000005b0   Code   RO         1727    .text.f_mkfs        ff.o
    0x08005e3c   0x08005e3c   0x0000004c   Code   RO         1655    .text.f_mount       ff.o
    0x08005e88   0x08005e88   0x00000138   Code   RO         1661    .text.f_open        ff.o
    0x08005fc0   0x08005fc0   0x00000062   Code   RO         1691    .text.f_opendir     ff.o
    0x08006022   0x08006022   0x00000002   PAD
    0x08006024   0x08006024   0x0000022c   Code   RO         1737    .text.f_printf      ff.o
    0x08006250   0x08006250   0x0000015e   Code   RO         1673    .text.f_read        ff.o
    0x080063ae   0x080063ae   0x00000056   Code   RO         1697    .text.f_readdir     ff.o
    0x08006404   0x08006404   0x000000fa   Code   RO         1723    .text.f_rename      ff.o
    0x080064fe   0x080064fe   0x00000042   Code   RO         1705    .text.f_stat        ff.o
    0x08006540   0x08006540   0x0000008c   Code   RO         1683    .text.f_sync        ff.o
    0x080065cc   0x080065cc   0x00000096   Code   RO         1711    .text.f_unlink      ff.o
    0x08006662   0x08006662   0x0000018a   Code   RO         1679    .text.f_write       ff.o
    0x080067ec   0x080067ec   0x00000054   Code   RO         1759    .text.ff_convert    cc936.o
    0x08006840   0x08006840   0x0000004c   Code   RO         1761    .text.ff_wtoupper   cc936.o
    0x0800688c   0x0800688c   0x00000130   Code   RO         1376    .text.file_check    fatfs_book.o
    0x080069bc   0x080069bc   0x00000254   Code   RO         1659    .text.find_volume   ff.o
    0x08006c10   0x08006c10   0x0000005c   Code   RO         1797    .text.fn_DMA_show_Init  main.o
    0x08006c6c   0x08006c6c   0x00000048   Code   RO         1150    .text.fn_EXTI_GPIO_Config  exit_book.o
    0x08006cb4   0x08006cb4   0x00000060   Code   RO         1807    .text.fn_FatFs_Document_Init  main.o
    0x08006d14   0x08006d14   0x0000006a   Code   RO         1200    .text.fn_HRCC_SetSystic  rcc_book.o
    0x08006d7e   0x08006d7e   0x00000002   PAD
    0x08006d80   0x08006d80   0x00000064   Code   RO         1799    .text.fn_I2C_EE_Init  main.o
    0x08006de4   0x08006de4   0x0000006c   Code   RO         1801    .text.fn_I2C_EE_Soft_Init  main.o
    0x08006e50   0x08006e50   0x0000001e   Code   RO         1165    .text.fn_Key_GPIO_Config  key_book.o
    0x08006e6e   0x08006e6e   0x00000002   PAD
    0x08006e70   0x08006e70   0x00000030   Code   RO         1167    .text.fn_Key_Init   key_book.o
    0x08006ea0   0x08006ea0   0x00000084   Code   RO         1803    .text.fn_LCD_Init   main.o
    0x08006f24   0x08006f24   0x00000024   Code   RO         1188    .text.fn_LED_ALL_OFF  led_book.o
    0x08006f48   0x08006f48   0x00000038   Code   RO         1190    .text.fn_LED_Corporate  led_book.o
    0x08006f80   0x08006f80   0x00000080   Code   RO         1793    .text.fn_LED_Flash_Init  main.o
    0x08007000   0x08007000   0x0000002e   Code   RO         1184    .text.fn_LED_GPIO_Config  led_book.o
    0x0800702e   0x0800702e   0x00000002   PAD
    0x08007030   0x08007030   0x000002cc   Code   RO         1520    .text.fn_Lcd_Page1  lcd_pagehtml_book.o
    0x080072fc   0x080072fc   0x00000334   Code   RO         1522    .text.fn_Lcd_Page2  lcd_pagehtml_book.o
    0x08007630   0x08007630   0x0000000c   Code   RO         1524    .text.fn_Lcd_Page3  lcd_pagehtml_book.o
    0x0800763c   0x0800763c   0x00000004   Code   RO         1518    .text.fn_Lcd_Page_Init  lcd_pagehtml_book.o
    0x08007640   0x08007640   0x0000003c   Code   RO         1186    .text.fn_Led_Init   led_book.o
    0x0800767c   0x0800767c   0x00000028   Code   RO         1152    .text.fn_NVIC_Config  exit_book.o
    0x080076a4   0x080076a4   0x00000008   Code   RO         1206    .text.fn_RCC_Init   rcc_book.o
    0x080076ac   0x080076ac   0x00000100   Code   RO         1805    .text.fn_SPI_FLASH_Soft_Init  main.o
    0x080077ac   0x080077ac   0x000000b4   Code   RO         1809    .text.fn_SRAM_Init  main.o
    0x08007860   0x08007860   0x00000040   Code   RO         1220    .text.fn_SysTick_delay_decrement  systick_book.o
    0x080078a0   0x080078a0   0x0000006c   Code   RO         1216    .text.fn_Systick_Delay  systick_book.o
    0x0800790c   0x0800790c   0x0000006c   Code   RO         1218    .text.fn_Systick_Delay_Handler_set  systick_book.o
    0x08007978   0x08007978   0x0000005c   Code   RO         1235    .text.fn_USART_Config  usart_book.o
    0x080079d4   0x080079d4   0x00000030   Code   RO         1233    .text.fn_USART_IO_Config  usart_book.o
    0x08007a04   0x08007a04   0x0000000e   Code   RO         1243    .text.fn_USART_Init  usart_book.o
    0x08007a12   0x08007a12   0x00000028   Code   RO         1239    .text.fn_Usart_SendString  usart_book.o
    0x08007a3a   0x08007a3a   0x00000016   Code   RO         1237    .text.fn_Usart_Send_Byte  usart_book.o
    0x08007a50   0x08007a50   0x00000060   Code   RO         1811    .text.fn_XPT2046_Init  main.o
    0x08007ab0   0x08007ab0   0x0000000e   Code   RO         1173    .text.fn_key_Check  key_book.o
    0x08007abe   0x08007abe   0x00000002   PAD
    0x08007ac0   0x08007ac0   0x00000038   Code   RO         1171    .text.fn_key_Effect  key_book.o
    0x08007af8   0x08007af8   0x00000088   Code   RO         1169    .text.fn_key_judge  key_book.o
    0x08007b80   0x08007b80   0x00000048   Code   RO         1795    .text.fn_usart_show_Init  main.o
    0x08007bc8   0x08007bc8   0x000002d0   Code   RO         1663    .text.follow_path   ff.o
    0x08007e98   0x08007e98   0x00000024   Code   RO         1245    .text.fputc         usart_book.o
    0x08007ebc   0x08007ebc   0x000000ee   Code   RO         1649    .text.get_fat       ff.o
    0x08007faa   0x08007faa   0x00000002   PAD
    0x08007fac   0x08007fac   0x00000008   Code   RO         1637    .text.get_fattime   diskio.o
    0x08007fb4   0x08007fb4   0x000000c8   Code   RO         1701    .text.get_fileinfo  ff.o
    0x0800807c   0x0800807c   0x00000042   Code   RO         1657    .text.get_ldnumber  ff.o
    0x080080be   0x080080be   0x00000018   Code   RO         1667    .text.ld_clust      ff.o
    0x080080d6   0x080080d6   0x00000002   PAD
    0x080080d8   0x080080d8   0x000000cc   Code   RO         1791    .text.main          main.o
    0x080081a4   0x080081a4   0x00000010   Code   RO         1677    .text.mem_cpy       ff.o
    0x080081b4   0x080081b4   0x0000000c   Code   RO         1719    .text.mem_set       ff.o
    0x080081c0   0x080081c0   0x00000038   Code   RO         1651    .text.move_window   ff.o
    0x080081f8   0x080081f8   0x00000118   Code   RO         1653    .text.put_fat       ff.o
    0x08008310   0x08008310   0x00000036   Code   RO         1733    .text.putc_bfd      ff.o
    0x08008346   0x08008346   0x00000056   Code   RO         1671    .text.remove_chain  ff.o
    0x0800839c   0x0800839c   0x000000b8   Code   RO         1380    .text.scan_file     fatfs_book.o
    0x08008454   0x08008454   0x0000000c   Code   RO         1669    .text.st_clust      ff.o
    0x08008460   0x08008460   0x0000001c   Code   RO         1745    .text.sum_sfn       ff.o
    0x0800847c   0x0800847c   0x00000074   Code   RO         1685    .text.sync_fs       ff.o
    0x080084f0   0x080084f0   0x0000004c   Code   RO         1717    .text.sync_window   ff.o
    0x0800853c   0x0800853c   0x0000002a   Code   RO         1675    .text.validate      ff.o
    0x08008566   0x08008566   0x00000002   PAD
    0x08008568   0x08008568   0x00000020   Code   RO         2100    i.__0printf         mc_w.l(printfa.o)
    0x08008588   0x08008588   0x00000028   Code   RO         2102    i.__0sprintf        mc_w.l(printfa.o)
    0x080085b0   0x080085b0   0x0000000e   Code   RO         2184    i.__scatterload_copy  mc_w.l(handlers.o)
    0x080085be   0x080085be   0x00000002   Code   RO         2185    i.__scatterload_null  mc_w.l(handlers.o)
    0x080085c0   0x080085c0   0x0000000e   Code   RO         2186    i.__scatterload_zeroinit  mc_w.l(handlers.o)
    0x080085ce   0x080085ce   0x00000002   PAD
    0x080085d0   0x080085d0   0x00000184   Code   RO         2107    i._fp_digits        mc_w.l(printfa.o)
    0x08008754   0x08008754   0x000006dc   Code   RO         2108    i._printf_core      mc_w.l(printfa.o)
    0x08008e30   0x08008e30   0x00000024   Code   RO         2109    i._printf_post_padding  mc_w.l(printfa.o)
    0x08008e54   0x08008e54   0x0000002e   Code   RO         2110    i._printf_pre_padding  mc_w.l(printfa.o)
    0x08008e82   0x08008e82   0x0000000a   Code   RO         2112    i._sputc            mc_w.l(printfa.o)
    0x08008e8c   0x08008e8c   0x0000000c   Code   RO         1857    i.putchar           mc_w.l(putchar.o)
    0x08008e98   0x08008e98   0x00000024   Code   RO         1855    i.puts              mc_w.l(puts.o)
    0x08008ebc   0x08008ebc   0x00000004   Data   RO          707    .rodata.ADCPrescTable  stm32f10x_rcc.o
    0x08008ec0   0x08008ec0   0x00000010   Data   RO          706    .rodata.APBAHBPrescTable  stm32f10x_rcc.o
    0x08008ed0   0x08008ed0   0x000011d0   Data   RO         1778    .rodata.ASCII16x24_Table  fonts.o
    0x0800a0a0   0x0800a0a0   0x000023a0   Data   RO         1779    .rodata.ASCII24x32_Table  fonts.o
    0x0800c440   0x0800c440   0x000005f0   Data   RO         1777    .rodata.ASCII8x16_Table  fonts.o
    0x0800ca30   0x0800ca30   0x0000000d   Data   RO         1749    .rodata.LfnOfs      ff.o
    0x0800ca3d   0x0800ca3d   0x00000003   PAD
    0x0800ca40   0x0800ca40   0x00000050   Data   RO         1271    .rodata.aSRC_Cont_Buffer  dma_book.o
    0x0800ca90   0x0800ca90   0x00000016   Data   RO         1748    .rodata.f_mkfs.cst  ff.o
    0x0800caa6   0x0800caa6   0x000003dc   Data   RO         1765    .rodata.ff_wtoupper.lower  cc936.o
    0x0800ce82   0x0800ce82   0x000003dc   Data   RO         1766    .rodata.ff_wtoupper.upper  cc936.o
    0x0800d25e   0x0800d25e   0x00015484   Data   RO         1763    .rodata.oem2uni     cc936.o
    0x080226e2   0x080226e2   0x00000003   Data   RO         1292    .rodata.str1.1      i2c_book.o
    0x080226e5   0x080226e5   0x0000001c   Data   RO         1322    .rodata.str1.1      i2c_soft_book.o
    0x08022701   0x08022701   0x00000179   Data   RO         1383    .rodata.str1.1      fatfs_book.o
    0x0802287a   0x0802287a   0x00000015   Data   RO         1402    .rodata.str1.1      sram_book.o
    0x0802288f   0x0802288f   0x0000002c   Data   RO         1528    .rodata.str1.1      lcd_pagehtml_book.o
    0x080228bb   0x080228bb   0x00000023   Data   RO         1820    .rodata.str1.1      main.o
    0x080228de   0x080228de   0x00000016   Data   RO         1747    .rodata.str2.2      ff.o
    0x080228f4   0x080228f4   0x00015484   Data   RO         1764    .rodata.uni2oem     cc936.o
    0x08037d78   0x08037d78   0x00000020   Data   RO         2183    Region$$Table       anon$$obj.o


    Execution Region RW_IRAM1 (Exec base: 0x20000000, Load base: 0x08037d98, Size: 0x00009608, Max: 0x00010000, ABSOLUTE, COMPRESSED[0x00000188])

    Exec Addr    Load Addr    Size         Type   Attr      Idx    E Section Name        Object

    0x20000000   COMPRESSED   0x00000004   Data   RW         2154    .data               mc_w.l(stdout.o)
    0x20000004   COMPRESSED   0x00000006   Data   RW         1427    .data..L_MergedGlobals  lcd_book.o
    0x2000000a   COMPRESSED   0x00000002   PAD
    0x2000000c   COMPRESSED   0x00000008   Data   RW         1781    .data.Font16x24     fonts.o
    0x20000014   COMPRESSED   0x00000008   Data   RW         1782    .data.Font24x32     fonts.o
    0x2000001c   COMPRESSED   0x00000008   Data   RW         1780    .data.Font8x16      fonts.o
    0x20000024   COMPRESSED   0x00000004   Data   RW         1500    .data.LCD_Currentfonts  lcd_draw_book.o
    0x20000028   COMPRESSED   0x00000004   Data   RW         1359    .data.SPITimeout    spi_book.o
    0x2000002c   COMPRESSED   0x00000004   Data   RW           15    .data.SystemCoreClock  system_stm32f10x.o
    0x20000030   COMPRESSED   0x00000008   Data   RW         1571    .data.XPT2046_TouchEvenHandler.cinfo  xpt2046_lcd_function_book.o
    0x20000038   COMPRESSED   0x000000c0   Data   RW         1570    .data.strXPT2046_TouchPara  xpt2046_lcd_function_book.o
    0x200000f8   COMPRESSED   0x00000800   Data   RW         1527    .data.test_modu2    lcd_pagehtml_book.o
    0x200008f8   COMPRESSED   0x00000008   Data   RW         1815    .data.writeData     main.o
    0x20000900   COMPRESSED   0x00000008   Data   RW         1817    .data.writeData2    main.o
    0x20000908        -       0x00000006   Zero   RW         1175    .bss..L_MergedGlobals  key_book.o
    0x2000090e   COMPRESSED   0x00000002   PAD
    0x20000910        -       0x00000008   Zero   RW         1224    .bss..L_MergedGlobals  systick_book.o
    0x20000918        -       0x00000008   Zero   RW         1273    .bss..L_MergedGlobals  dma_book.o
    0x20000920        -       0x00000028   Zero   RW         1387    .bss..L_MergedGlobals  fatfs_book.o
    0x20000948        -       0x00000004   Zero   RW         1503    .bss..L_MergedGlobals  lcd_draw_book.o
    0x2000094c        -       0x00000044   Zero   RW         1572    .bss..L_MergedGlobals  xpt2046_lcd_function_book.o
    0x20000990        -       0x0000000c   Zero   RW         1750    .bss..L_MergedGlobals  ff.o
    0x2000099c        -       0x00000002   Zero   RW         1619    .bss.ADC_ConvertedValue  adc_book.o
    0x2000099e        -       0x00000001   Zero   RW         1783    .bss.GetGBKCode_from_EXFlash.everRead  fonts.o
    0x2000099f   COMPRESSED   0x00000001   PAD
    0x200009a0        -       0x00000002   Zero   RW         1293    .bss.I2CTimeout     i2c_book.o
    0x200009a2        -       0x00000007   Zero   RW         1816    .bss.ReadData       main.o
    0x200009a9        -       0x00001000   Zero   RW         1818    .bss.Read_SPI_Data  main.o
    0x200019a9   COMPRESSED   0x00000003   PAD
    0x200019ac        -       0x00000050   Zero   RW         1272    .bss.aDST_Buffer    dma_book.o
    0x200019fc        -       0x00000008   Zero   RW         1606    .bss.brush          xpt2046_lcd_device_book.o
    0x20001a04        -       0x000001b0   Zero   RW         1605    .bss.button         xpt2046_lcd_device_book.o
    0x20001bb4        -       0x00001024   Zero   RW         1384    .bss.fnew           fatfs_book.o
    0x20002bd8        -       0x00001030   Zero   RW         1382    .bss.fs             fatfs_book.o
    0x20003c08        -       0x000001ff   Zero   RW         1386    .bss.scan_file.lfn  fatfs_book.o
    0x20003e07        -       0x00000001   Zero   RW         1569    .bss.ucXPT2046_TouchFlag  xpt2046_lcd_function_book.o
    0x20003e08        -       0x00001000   Zero   RW         1819    .bss.write_SPI_Data  main.o
    0x20004e08        -       0x00004000   Zero   RW         1501    .bss.zoomBuff       lcd_draw_book.o
    0x20008e08        -       0x00000400   Zero   RW         1502    .bss.zoomTempBuff   lcd_draw_book.o
    0x20009208        -       0x00000400   Zero   RW            1    STACK               startup_stm32f10x_hd.o


==============================================================================

Image component sizes


      Code (inc. data)   RO Data    RW Data    ZI Data      Debug   Object Name

        52          8          0          0          2       3111   adc_book.o
       160         16     176320          0          0       1751   cc936.o
       180          8          0          0          0       2261   diskio.o
       560        172         80          0         88       4073   dma_book.o
       232         16          0          0          0       3591   exit_book.o
      1440        668        377          0       8827       4932   fatfs_book.o
      9544        158         57          0         12      38889   ff.o
        72         12      15200         24          1       1435   fonts.o
      1172        208          3          0          2       4958   i2c_book.o
      1084        272         28          0          0       5286   i2c_soft_book.o
       284         20          0          0          6       2855   key_book.o
      1038         40          0          6          0      10406   lcd_book.o
      2666         76          0          4      17412      16768   lcd_draw_book.o
      2272        440         44       2048          0       3772   lcd_pagehtml_book.o
       198          8          0          0          0       2411   led_book.o
      1464        732         35         16       8199       3448   main.o
       100         12          0          0          0       3156   misc.o
       114          0          0          0          0       2394   rcc_book.o
       892        168          0          4          0       5698   spi_book.o
      1064        184         21          0          0       4069   sram_book.o
        36          8        304          0       1024        856   startup_stm32f10x_hd.o
        42          0          0          0          0       9182   stm32f10x_adc.o
       118          4          0          0          0       3665   stm32f10x_dma.o
       132          8          0          0          0       2810   stm32f10x_exti.o
        40          4          0          0          0       8108   stm32f10x_flash.o
       212         12          0          0          0       7686   stm32f10x_fsmc.o
       248          4          0          0          0       5835   stm32f10x_gpio.o
       388         12          0          0          0       8204   stm32f10x_i2c.o
        16          0          0          0          0        923   stm32f10x_it.o
       480         48         20          0          0       8360   stm32f10x_rcc.o
       106          0          0          0          0       6787   stm32f10x_spi.o
       324          4          0          0          0       7758   stm32f10x_usart.o
       240         20          0          4          0       2558   system_stm32f10x.o
       284         32          0          0          8       5134   systick_book.o
       328         16          0          0          0       5859   usart_book.o
       400         48          0          0          0       2761   xpt2046_lcd_book.o
      2036        122          0          0        440       6468   xpt2046_lcd_device_book.o
      1648        168          0        200         69       6499   xpt2046_lcd_function_book.o

    ----------------------------------------------------------------------
     31712       3728     192524       2308      36096     224717   Object Totals
         0          0         32          0          0          0   (incl. Generated)
        46          0          3          2          6          0   (incl. Padding)

    ----------------------------------------------------------------------

      Code (inc. data)   RO Data    RW Data    ZI Data      Debug   Library Member Name

        86          0          0          0          0          0   __dczerorl2.o
         0          0          0          0          0          0   entry.o
         0          0          0          0          0          0   entry10a.o
         0          0          0          0          0          0   entry11a.o
         8          4          0          0          0          0   entry2.o
         4          0          0          0          0          0   entry5.o
         0          0          0          0          0          0   entry7b.o
         0          0          0          0          0          0   entry8b.o
         8          4          0          0          0          0   entry9a.o
        30          0          0          0          0          0   handlers.o
        36          8          0          0          0         68   init.o
         0          0          0          0          0          0   iusefp.o
        30          0          0          0          0         68   llshl.o
        36          0          0          0          0         68   llsshr.o
        32          0          0          0          0         68   llushr.o
        36          0          0          0          0        108   memseta.o
      2308         96          0          0          0        604   printfa.o
        12          6          0          0          0         68   putchar.o
        36          6          0          0          0         80   puts.o
         0          0          0          4          0          0   stdout.o
        18          0          0          0          0         68   strcpy.o
        14          0          0          0          0         68   strlen.o
        44          0          0          0          0         80   uidiv.o
        98          0          0          0          0         92   uldiv.o
        48          0          0          0          0         68   cdrcmple.o
       334          0          0          0          0        148   dadd.o
       222          0          0          0          0        100   ddiv.o
       186          0          0          0          0        176   depilogue.o
        48          0          0          0          0         68   dfixul.o
       228          0          0          0          0         96   dmul.o
        38          0          0          0          0         68   f2d.o
       176          0          0          0          0        140   fadd.o
       124          0          0          0          0         88   fdiv.o
       110          0          0          0          0        168   fepilogue.o
        50          0          0          0          0         68   ffixi.o
        18          0          0          0          0         68   fflti.o
       100          0          0          0          0         76   fmul.o

    ----------------------------------------------------------------------
      4524        124          0          4          0       2772   Library Totals
         6          0          0          0          0          0   (incl. Padding)

    ----------------------------------------------------------------------

      Code (inc. data)   RO Data    RW Data    ZI Data      Debug   Library Name

      2836        124          0          4          0       1440   mc_w.l
      1682          0          0          0          0       1332   mf_w.l

    ----------------------------------------------------------------------
      4524        124          0          4          0       2772   Library Totals

    ----------------------------------------------------------------------

==============================================================================


      Code (inc. data)   RO Data    RW Data    ZI Data      Debug   

     36236       3852     192524       2312      36096     225689   Grand Totals
     36236       3852     192524        392      36096     225689   ELF Image Totals (compressed)
     36236       3852     192524        392          0          0   ROM Totals

==============================================================================

    Total RO  Size (Code + RO Data)               228760 ( 223.40kB)
    Total RW  Size (RW Data + ZI Data)             38408 (  37.51kB)
    Total ROM Size (Code + RO Data + RW Data)     229152 ( 223.78kB)

==============================================================================

